[2023-12-01 11:59:43] production.ERROR: syntax error, unexpected ')', expecting identifier (T_STRING) or variable (T_VARIABLE) or '{' or '$' (View: /home/k9n6iup22po9/public_html/VIPCLUBSCENE/resources/views/profile/user-profile.blade.php) {"userId":77,"exception":"[object] (ErrorException(code: 0): syntax error, unexpected ')', expecting identifier (T_STRING) or variable (T_VARIABLE) or '{' or '$' (View: /home/k9n6iup22po9/public_html/VIPCLUBSCENE/resources/views/profile/user-profile.blade.php) at /home/k9n6iup22po9/public_html/VIPCLUBSCENE/storage/framework/views/2764aa80910278b16c707448439ab3f212282343.php:28)
[stacktrace]
#0 /home/k9n6iup22po9/public_html/VIPCLUBSCENE/vendor/livewire/livewire/src/CompilerEngine.php(71): Illuminate\\View\\Engines\\CompilerEngine->handleViewException(Object(Symfony\\Component\\Debug\\Exception\\FatalThrowableError), 1)
#1 /home/k9n6iup22po9/public_html/VIPCLUBSCENE/vendor/laravel/framework/src/Illuminate/View/Engines/PhpEngine.php(47): Livewire\\CompilerEngine->handleViewException(Object(Symfony\\Component\\Debug\\Exception\\FatalThrowableError), 1)
#2 /home/k9n6iup22po9/public_html/VIPCLUBSCENE/vendor/livewire/livewire/src/LivewireViewCompilerEngine.php(36): Illuminate\\View\\Engines\\PhpEngine->evaluatePath('/home/k9n6iup22...', Array)
#3 /home/k9n6iup22po9/public_html/VIPCLUBSCENE/vendor/laravel/framework/src/Illuminate/View/Engines/CompilerEngine.php(59): Livewire\\LivewireViewCompilerEngine->evaluatePath('/home/k9n6iup22...', Array)
#4 /home/k9n6iup22po9/public_html/VIPCLUBSCENE/vendor/laravel/framework/src/Illuminate/View/View.php(143): Illuminate\\View\\Engines\\CompilerEngine->get('/home/k9n6iup22...', Array)
#5 /home/k9n6iup22po9/public_html/VIPCLUBSCENE/vendor/laravel/framework/src/Illuminate/View/View.php(126): Illuminate\\View\\View->getContents()
#6 /home/k9n6iup22po9/public_html/VIPCLUBSCENE/vendor/laravel/framework/src/Illuminate/View/View.php(91): Illuminate\\View\\View->renderContents()
#7 /home/k9n6iup22po9/public_html/VIPCLUBSCENE/vendor/laravel/framework/src/Illuminate/Http/Response.php(42): Illuminate\\View\\View->render()
#8 /home/k9n6iup22po9/public_html/VIPCLUBSCENE/vendor/symfony/http-foundation/Response.php(205): Illuminate\\Http\\Response->setContent(Object(Illuminate\\View\\View))
#9 /home/k9n6iup22po9/public_html/VIPCLUBSCENE/vendor/laravel/framework/src/Illuminate/Routing/Router.php(754): Symfony\\Component\\HttpFoundation\\Response->__construct(Object(Illuminate\\View\\View), 200, Array)
#10 /home/k9n6iup22po9/public_html/VIPCLUBSCENE/vendor/laravel/framework/src/Illuminate/Routing/Router.php(726): Illuminate\\Routing\\Router::toResponse(Object(Illuminate\\Http\\Request), Object(Illuminate\\View\\View))
#11 /home/k9n6iup22po9/public_html/VIPCLUBSCENE/vendor/laravel/framework/src/Illuminate/Routing/Router.php(686): Illuminate\\Routing\\Router->prepareResponse(Object(Illuminate\\Http\\Request), Object(Illuminate\\View\\View))
#12 /home/k9n6iup22po9/public_html/VIPCLUBSCENE/vendor/laravel/framework/src/Illuminate/Pipeline/Pipeline.php(130): Illuminate\\Routing\\Router->Illuminate\\Routing\\{closure}(Object(Illuminate\\Http\\Request))
#13 /home/k9n6iup22po9/public_html/VIPCLUBSCENE/app/Http/Middleware/UserLastAuthMiddleware.php(59): Illuminate\\Pipeline\\Pipeline->Illuminate\\Pipeline\\{closure}(Object(Illuminate\\Http\\Request))
#14 /home/k9n6iup22po9/public_html/VIPCLUBSCENE/vendor/laravel/framework/src/Illuminate/Pipeline/Pipeline.php(171): App\\Http\\Middleware\\UserLastAuthMiddleware->handle(Object(Illuminate\\Http\\Request), Object(Closure))
#15 /home/k9n6iup22po9/public_html/VIPCLUBSCENE/vendor/uxweb/sweet-alert/src/SweetAlert/ConvertMessagesIntoSweetAlert.php(49): Illuminate\\Pipeline\\Pipeline->Illuminate\\Pipeline\\{closure}(Object(Illuminate\\Http\\Request))
#16 /home/k9n6iup22po9/public_html/VIPCLUBSCENE/vendor/laravel/framework/src/Illuminate/Pipeline/Pipeline.php(171): UxWeb\\SweetAlert\\ConvertMessagesIntoSweetAlert->handle(Object(Illuminate\\Http\\Request), Object(Closure))
#17 /home/k9n6iup22po9/public_html/VIPCLUBSCENE/vendor/laravel/framework/src/Illuminate/Routing/Middleware/SubstituteBindings.php(41): Illuminate\\Pipeline\\Pipeline->Illuminate\\Pipeline\\{closure}(Object(Illuminate\\Http\\Request))
#18 /home/k9n6iup22po9/public_html/VIPCLUBSCENE/vendor/laravel/framework/src/Illuminate/Pipeline/Pipeline.php(171): Illuminate\\Routing\\Middleware\\SubstituteBindings->handle(Object(Illuminate\\Http\\Request), Object(Closure))
#19 /home/k9n6iup22po9/public_html/VIPCLUBSCENE/vendor/laravel/framework/src/Illuminate/Foundation/Http/Middleware/VerifyCsrfToken.php(77): Illuminate\\Pipeline\\Pipeline->Illuminate\\Pipeline\\{closure}(Object(Illuminate\\Http\\Request))
#20 /home/k9n6iup22po9/public_html/VIPCLUBSCENE/vendor/laravel/framework/src/Illuminate/Pipeline/Pipeline.php(171): Illuminate\\Foundation\\Http\\Middleware\\VerifyCsrfToken->handle(Object(Illuminate\\Http\\Request), Object(Closure))
#21 /home/k9n6iup22po9/public_html/VIPCLUBSCENE/vendor/laravel/framework/src/Illuminate/View/Middleware/ShareErrorsFromSession.php(49): Illuminate\\Pipeline\\Pipeline->Illuminate\\Pipeline\\{closure}(Object(Illuminate\\Http\\Request))
#22 /home/k9n6iup22po9/public_html/VIPCLUBSCENE/vendor/laravel/framework/src/Illuminate/Pipeline/Pipeline.php(171): Illuminate\\View\\Middleware\\ShareErrorsFromSession->handle(Object(Illuminate\\Http\\Request), Object(Closure))
#23 /home/k9n6iup22po9/public_html/VIPCLUBSCENE/vendor/laravel/framework/src/Illuminate/Session/Middleware/StartSession.php(56): Illuminate\\Pipeline\\Pipeline->Illuminate\\Pipeline\\{closure}(Object(Illuminate\\Http\\Request))
#24 /home/k9n6iup22po9/public_html/VIPCLUBSCENE/vendor/laravel/framework/src/Illuminate/Pipeline/Pipeline.php(171): Illuminate\\Session\\Middleware\\StartSession->handle(Object(Illuminate\\Http\\Request), Object(Closure))
#25 /home/k9n6iup22po9/public_html/VIPCLUBSCENE/vendor/laravel/framework/src/Illuminate/Cookie/Middleware/AddQueuedCookiesToResponse.php(37): Illuminate\\Pipeline\\Pipeline->Illuminate\\Pipeline\\{closure}(Object(Illuminate\\Http\\Request))
#26 /home/k9n6iup22po9/public_html/VIPCLUBSCENE/vendor/laravel/framework/src/Illuminate/Pipeline/Pipeline.php(171): Illuminate\\Cookie\\Middleware\\AddQueuedCookiesToResponse->handle(Object(Illuminate\\Http\\Request), Object(Closure))
#27 /home/k9n6iup22po9/public_html/VIPCLUBSCENE/vendor/laravel/framework/src/Illuminate/Cookie/Middleware/EncryptCookies.php(67): Illuminate\\Pipeline\\Pipeline->Illuminate\\Pipeline\\{closure}(Object(Illuminate\\Http\\Request))
#28 /home/k9n6iup22po9/public_html/VIPCLUBSCENE/vendor/laravel/framework/src/Illuminate/Pipeline/Pipeline.php(171): Illuminate\\Cookie\\Middleware\\EncryptCookies->handle(Object(Illuminate\\Http\\Request), Object(Closure))
#29 /home/k9n6iup22po9/public_html/VIPCLUBSCENE/vendor/laravel/framework/src/Illuminate/Pipeline/Pipeline.php(105): Illuminate\\Pipeline\\Pipeline->Illuminate\\Pipeline\\{closure}(Object(Illuminate\\Http\\Request))
#30 /home/k9n6iup22po9/public_html/VIPCLUBSCENE/vendor/laravel/framework/src/Illuminate/Routing/Router.php(688): Illuminate\\Pipeline\\Pipeline->then(Object(Closure))
#31 /home/k9n6iup22po9/public_html/VIPCLUBSCENE/vendor/laravel/framework/src/Illuminate/Routing/Router.php(663): Illuminate\\Routing\\Router->runRouteWithinStack(Object(Illuminate\\Routing\\Route), Object(Illuminate\\Http\\Request))
#32 /home/k9n6iup22po9/public_html/VIPCLUBSCENE/vendor/laravel/framework/src/Illuminate/Routing/Router.php(629): Illuminate\\Routing\\Router->runRoute(Object(Illuminate\\Http\\Request), Object(Illuminate\\Routing\\Route))
#33 /home/k9n6iup22po9/public_html/VIPCLUBSCENE/vendor/laravel/framework/src/Illuminate/Routing/Router.php(618): Illuminate\\Routing\\Router->dispatchToRoute(Object(Illuminate\\Http\\Request))
#34 /home/k9n6iup22po9/public_html/VIPCLUBSCENE/vendor/laravel/framework/src/Illuminate/Foundation/Http/Kernel.php(172): Illuminate\\Routing\\Router->dispatch(Object(Illuminate\\Http\\Request))
#35 /home/k9n6iup22po9/public_html/VIPCLUBSCENE/vendor/laravel/framework/src/Illuminate/Pipeline/Pipeline.php(130): Illuminate\\Foundation\\Http\\Kernel->Illuminate\\Foundation\\Http\\{closure}(Object(Illuminate\\Http\\Request))
#36 /home/k9n6iup22po9/public_html/VIPCLUBSCENE/vendor/fideloper/proxy/src/TrustProxies.php(57): Illuminate\\Pipeline\\Pipeline->Illuminate\\Pipeline\\{closure}(Object(Illuminate\\Http\\Request))
#37 /home/k9n6iup22po9/public_html/VIPCLUBSCENE/vendor/laravel/framework/src/Illuminate/Pipeline/Pipeline.php(171): Fideloper\\Proxy\\TrustProxies->handle(Object(Illuminate\\Http\\Request), Object(Closure))
#38 /home/k9n6iup22po9/public_html/VIPCLUBSCENE/vendor/laravel/framework/src/Illuminate/Foundation/Http/Middleware/TransformsRequest.php(21): Illuminate\\Pipeline\\Pipeline->Illuminate\\Pipeline\\{closure}(Object(Illuminate\\Http\\Request))
#39 /home/k9n6iup22po9/public_html/VIPCLUBSCENE/vendor/laravel/framework/src/Illuminate/Pipeline/Pipeline.php(171): Illuminate\\Foundation\\Http\\Middleware\\TransformsRequest->handle(Object(Illuminate\\Http\\Request), Object(Closure))
#40 /home/k9n6iup22po9/public_html/VIPCLUBSCENE/vendor/laravel/framework/src/Illuminate/Foundation/Http/Middleware/TransformsRequest.php(21): Illuminate\\Pipeline\\Pipeline->Illuminate\\Pipeline\\{closure}(Object(Illuminate\\Http\\Request))
#41 /home/k9n6iup22po9/public_html/VIPCLUBSCENE/vendor/laravel/framework/src/Illuminate/Pipeline/Pipeline.php(171): Illuminate\\Foundation\\Http\\Middleware\\TransformsRequest->handle(Object(Illuminate\\Http\\Request), Object(Closure))
#42 /home/k9n6iup22po9/public_html/VIPCLUBSCENE/vendor/laravel/framework/src/Illuminate/Foundation/Http/Middleware/ValidatePostSize.php(27): Illuminate\\Pipeline\\Pipeline->Illuminate\\Pipeline\\{closure}(Object(Illuminate\\Http\\Request))
#43 /home/k9n6iup22po9/public_html/VIPCLUBSCENE/vendor/laravel/framework/src/Illuminate/Pipeline/Pipeline.php(171): Illuminate\\Foundation\\Http\\Middleware\\ValidatePostSize->handle(Object(Illuminate\\Http\\Request), Object(Closure))
#44 /home/k9n6iup22po9/public_html/VIPCLUBSCENE/vendor/laravel/framework/src/Illuminate/Foundation/Http/Middleware/CheckForMaintenanceMode.php(63): Illuminate\\Pipeline\\Pipeline->Illuminate\\Pipeline\\{closure}(Object(Illuminate\\Http\\Request))
#45 /home/k9n6iup22po9/public_html/VIPCLUBSCENE/vendor/laravel/framework/src/Illuminate/Pipeline/Pipeline.php(171): Illuminate\\Foundation\\Http\\Middleware\\CheckForMaintenanceMode->handle(Object(Illuminate\\Http\\Request), Object(Closure))
#46 /home/k9n6iup22po9/public_html/VIPCLUBSCENE/vendor/laravel/framework/src/Illuminate/Pipeline/Pipeline.php(105): Illuminate\\Pipeline\\Pipeline->Illuminate\\Pipeline\\{closure}(Object(Illuminate\\Http\\Request))
#47 /home/k9n6iup22po9/public_html/VIPCLUBSCENE/vendor/laravel/framework/src/Illuminate/Foundation/Http/Kernel.php(147): Illuminate\\Pipeline\\Pipeline->then(Object(Closure))
#48 /home/k9n6iup22po9/public_html/VIPCLUBSCENE/vendor/laravel/framework/src/Illuminate/Foundation/Http/Kernel.php(112): Illuminate\\Foundation\\Http\\Kernel->sendRequestThroughRouter(Object(Illuminate\\Http\\Request))
#49 /home/k9n6iup22po9/public_html/VIPCLUBSCENE/index.php(52): Illuminate\\Foundation\\Http\\Kernel->handle(Object(Illuminate\\Http\\Request))
#50 {main}

[previous exception] [object] (Symfony\\Component\\Debug\\Exception\\FatalThrowableError(code: 0): syntax error, unexpected ')', expecting identifier (T_STRING) or variable (T_VARIABLE) or '{' or '$' at /home/k9n6iup22po9/public_html/VIPCLUBSCENE/storage/framework/views/2764aa80910278b16c707448439ab3f212282343.php:28)
[stacktrace]
#0 /home/k9n6iup22po9/public_html/VIPCLUBSCENE/vendor/livewire/livewire/src/LivewireViewCompilerEngine.php(36): Illuminate\\View\\Engines\\PhpEngine->evaluatePath('/home/k9n6iup22...', Array)
#1 /home/k9n6iup22po9/public_html/VIPCLUBSCENE/vendor/laravel/framework/src/Illuminate/View/Engines/CompilerEngine.php(59): Livewire\\LivewireViewCompilerEngine->evaluatePath('/home/k9n6iup22...', Array)
#2 /home/k9n6iup22po9/public_html/VIPCLUBSCENE/vendor/laravel/framework/src/Illuminate/View/View.php(143): Illuminate\\View\\Engines\\CompilerEngine->get('/home/k9n6iup22...', Array)
#3 /home/k9n6iup22po9/public_html/VIPCLUBSCENE/vendor/laravel/framework/src/Illuminate/View/View.php(126): Illuminate\\View\\View->getContents()
#4 /home/k9n6iup22po9/public_html/VIPCLUBSCENE/vendor/laravel/framework/src/Illuminate/View/View.php(91): Illuminate\\View\\View->renderContents()
#5 /home/k9n6iup22po9/public_html/VIPCLUBSCENE/vendor/laravel/framework/src/Illuminate/Http/Response.php(42): Illuminate\\View\\View->render()
#6 /home/k9n6iup22po9/public_html/VIPCLUBSCENE/vendor/symfony/http-foundation/Response.php(205): Illuminate\\Http\\Response->setContent(Object(Illuminate\\View\\View))
#7 /home/k9n6iup22po9/public_html/VIPCLUBSCENE/vendor/laravel/framework/src/Illuminate/Routing/Router.php(754): Symfony\\Component\\HttpFoundation\\Response->__construct(Object(Illuminate\\View\\View), 200, Array)
#8 /home/k9n6iup22po9/public_html/VIPCLUBSCENE/vendor/laravel/framework/src/Illuminate/Routing/Router.php(726): Illuminate\\Routing\\Router::toResponse(Object(Illuminate\\Http\\Request), Object(Illuminate\\View\\View))
#9 /home/k9n6iup22po9/public_html/VIPCLUBSCENE/vendor/laravel/framework/src/Illuminate/Routing/Router.php(686): Illuminate\\Routing\\Router->prepareResponse(Object(Illuminate\\Http\\Request), Object(Illuminate\\View\\View))
#10 /home/k9n6iup22po9/public_html/VIPCLUBSCENE/vendor/laravel/framework/src/Illuminate/Pipeline/Pipeline.php(130): Illuminate\\Routing\\Router->Illuminate\\Routing\\{closure}(Object(Illuminate\\Http\\Request))
#11 /home/k9n6iup22po9/public_html/VIPCLUBSCENE/app/Http/Middleware/UserLastAuthMiddleware.php(59): Illuminate\\Pipeline\\Pipeline->Illuminate\\Pipeline\\{closure}(Object(Illuminate\\Http\\Request))
#12 /home/k9n6iup22po9/public_html/VIPCLUBSCENE/vendor/laravel/framework/src/Illuminate/Pipeline/Pipeline.php(171): App\\Http\\Middleware\\UserLastAuthMiddleware->handle(Object(Illuminate\\Http\\Request), Object(Closure))
#13 /home/k9n6iup22po9/public_html/VIPCLUBSCENE/vendor/uxweb/sweet-alert/src/SweetAlert/ConvertMessagesIntoSweetAlert.php(49): Illuminate\\Pipeline\\Pipeline->Illuminate\\Pipeline\\{closure}(Object(Illuminate\\Http\\Request))
#14 /home/k9n6iup22po9/public_html/VIPCLUBSCENE/vendor/laravel/framework/src/Illuminate/Pipeline/Pipeline.php(171): UxWeb\\SweetAlert\\ConvertMessagesIntoSweetAlert->handle(Object(Illuminate\\Http\\Request), Object(Closure))
#15 /home/k9n6iup22po9/public_html/VIPCLUBSCENE/vendor/laravel/framework/src/Illuminate/Routing/Middleware/SubstituteBindings.php(41): Illuminate\\Pipeline\\Pipeline->Illuminate\\Pipeline\\{closure}(Object(Illuminate\\Http\\Request))
#16 /home/k9n6iup22po9/public_html/VIPCLUBSCENE/vendor/laravel/framework/src/Illuminate/Pipeline/Pipeline.php(171): Illuminate\\Routing\\Middleware\\SubstituteBindings->handle(Object(Illuminate\\Http\\Request), Object(Closure))
#17 /home/k9n6iup22po9/public_html/VIPCLUBSCENE/vendor/laravel/framework/src/Illuminate/Foundation/Http/Middleware/VerifyCsrfToken.php(77): Illuminate\\Pipeline\\Pipeline->Illuminate\\Pipeline\\{closure}(Object(Illuminate\\Http\\Request))
#18 /home/k9n6iup22po9/public_html/VIPCLUBSCENE/vendor/laravel/framework/src/Illuminate/Pipeline/Pipeline.php(171): Illuminate\\Foundation\\Http\\Middleware\\VerifyCsrfToken->handle(Object(Illuminate\\Http\\Request), Object(Closure))
#19 /home/k9n6iup22po9/public_html/VIPCLUBSCENE/vendor/laravel/framework/src/Illuminate/View/Middleware/ShareErrorsFromSession.php(49): Illuminate\\Pipeline\\Pipeline->Illuminate\\Pipeline\\{closure}(Object(Illuminate\\Http\\Request))
#20 /home/k9n6iup22po9/public_html/VIPCLUBSCENE/vendor/laravel/framework/src/Illuminate/Pipeline/Pipeline.php(171): Illuminate\\View\\Middleware\\ShareErrorsFromSession->handle(Object(Illuminate\\Http\\Request), Object(Closure))
#21 /home/k9n6iup22po9/public_html/VIPCLUBSCENE/vendor/laravel/framework/src/Illuminate/Session/Middleware/StartSession.php(56): Illuminate\\Pipeline\\Pipeline->Illuminate\\Pipeline\\{closure}(Object(Illuminate\\Http\\Request))
#22 /home/k9n6iup22po9/public_html/VIPCLUBSCENE/vendor/laravel/framework/src/Illuminate/Pipeline/Pipeline.php(171): Illuminate\\Session\\Middleware\\StartSession->handle(Object(Illuminate\\Http\\Request), Object(Closure))
#23 /home/k9n6iup22po9/public_html/VIPCLUBSCENE/vendor/laravel/framework/src/Illuminate/Cookie/Middleware/AddQueuedCookiesToResponse.php(37): Illuminate\\Pipeline\\Pipeline->Illuminate\\Pipeline\\{closure}(Object(Illuminate\\Http\\Request))
#24 /home/k9n6iup22po9/public_html/VIPCLUBSCENE/vendor/laravel/framework/src/Illuminate/Pipeline/Pipeline.php(171): Illuminate\\Cookie\\Middleware\\AddQueuedCookiesToResponse->handle(Object(Illuminate\\Http\\Request), Object(Closure))
#25 /home/k9n6iup22po9/public_html/VIPCLUBSCENE/vendor/laravel/framework/src/Illuminate/Cookie/Middleware/EncryptCookies.php(67): Illuminate\\Pipeline\\Pipeline->Illuminate\\Pipeline\\{closure}(Object(Illuminate\\Http\\Request))
#26 /home/k9n6iup22po9/public_html/VIPCLUBSCENE/vendor/laravel/framework/src/Illuminate/Pipeline/Pipeline.php(171): Illuminate\\Cookie\\Middleware\\EncryptCookies->handle(Object(Illuminate\\Http\\Request), Object(Closure))
#27 /home/k9n6iup22po9/public_html/VIPCLUBSCENE/vendor/laravel/framework/src/Illuminate/Pipeline/Pipeline.php(105): Illuminate\\Pipeline\\Pipeline->Illuminate\\Pipeline\\{closure}(Object(Illuminate\\Http\\Request))
#28 /home/k9n6iup22po9/public_html/VIPCLUBSCENE/vendor/laravel/framework/src/Illuminate/Routing/Router.php(688): Illuminate\\Pipeline\\Pipeline->then(Object(Closure))
#29 /home/k9n6iup22po9/public_html/VIPCLUBSCENE/vendor/laravel/framework/src/Illuminate/Routing/Router.php(663): Illuminate\\Routing\\Router->runRouteWithinStack(Object(Illuminate\\Routing\\Route), Object(Illuminate\\Http\\Request))
#30 /home/k9n6iup22po9/public_html/VIPCLUBSCENE/vendor/laravel/framework/src/Illuminate/Routing/Router.php(629): Illuminate\\Routing\\Router->runRoute(Object(Illuminate\\Http\\Request), Object(Illuminate\\Routing\\Route))
#31 /home/k9n6iup22po9/public_html/VIPCLUBSCENE/vendor/laravel/framework/src/Illuminate/Routing/Router.php(618): Illuminate\\Routing\\Router->dispatchToRoute(Object(Illuminate\\Http\\Request))
#32 /home/k9n6iup22po9/public_html/VIPCLUBSCENE/vendor/laravel/framework/src/Illuminate/Foundation/Http/Kernel.php(172): Illuminate\\Routing\\Router->dispatch(Object(Illuminate\\Http\\Request))
#33 /home/k9n6iup22po9/public_html/VIPCLUBSCENE/vendor/laravel/framework/src/Illuminate/Pipeline/Pipeline.php(130): Illuminate\\Foundation\\Http\\Kernel->Illuminate\\Foundation\\Http\\{closure}(Object(Illuminate\\Http\\Request))
#34 /home/k9n6iup22po9/public_html/VIPCLUBSCENE/vendor/fideloper/proxy/src/TrustProxies.php(57): Illuminate\\Pipeline\\Pipeline->Illuminate\\Pipeline\\{closure}(Object(Illuminate\\Http\\Request))
#35 /home/k9n6iup22po9/public_html/VIPCLUBSCENE/vendor/laravel/framework/src/Illuminate/Pipeline/Pipeline.php(171): Fideloper\\Proxy\\TrustProxies->handle(Object(Illuminate\\Http\\Request), Object(Closure))
#36 /home/k9n6iup22po9/public_html/VIPCLUBSCENE/vendor/laravel/framework/src/Illuminate/Foundation/Http/Middleware/TransformsRequest.php(21): Illuminate\\Pipeline\\Pipeline->Illuminate\\Pipeline\\{closure}(Object(Illuminate\\Http\\Request))
#37 /home/k9n6iup22po9/public_html/VIPCLUBSCENE/vendor/laravel/framework/src/Illuminate/Pipeline/Pipeline.php(171): Illuminate\\Foundation\\Http\\Middleware\\TransformsRequest->handle(Object(Illuminate\\Http\\Request), Object(Closure))
#38 /home/k9n6iup22po9/public_html/VIPCLUBSCENE/vendor/laravel/framework/src/Illuminate/Foundation/Http/Middleware/TransformsRequest.php(21): Illuminate\\Pipeline\\Pipeline->Illuminate\\Pipeline\\{closure}(Object(Illuminate\\Http\\Request))
#39 /home/k9n6iup22po9/public_html/VIPCLUBSCENE/vendor/laravel/framework/src/Illuminate/Pipeline/Pipeline.php(171): Illuminate\\Foundation\\Http\\Middleware\\TransformsRequest->handle(Object(Illuminate\\Http\\Request), Object(Closure))
#40 /home/k9n6iup22po9/public_html/VIPCLUBSCENE/vendor/laravel/framework/src/Illuminate/Foundation/Http/Middleware/ValidatePostSize.php(27): Illuminate\\Pipeline\\Pipeline->Illuminate\\Pipeline\\{closure}(Object(Illuminate\\Http\\Request))
#41 /home/k9n6iup22po9/public_html/VIPCLUBSCENE/vendor/laravel/framework/src/Illuminate/Pipeline/Pipeline.php(171): Illuminate\\Foundation\\Http\\Middleware\\ValidatePostSize->handle(Object(Illuminate\\Http\\Request), Object(Closure))
#42 /home/k9n6iup22po9/public_html/VIPCLUBSCENE/vendor/laravel/framework/src/Illuminate/Foundation/Http/Middleware/CheckForMaintenanceMode.php(63): Illuminate\\Pipeline\\Pipeline->Illuminate\\Pipeline\\{closure}(Object(Illuminate\\Http\\Request))
#43 /home/k9n6iup22po9/public_html/VIPCLUBSCENE/vendor/laravel/framework/src/Illuminate/Pipeline/Pipeline.php(171): Illuminate\\Foundation\\Http\\Middleware\\CheckForMaintenanceMode->handle(Object(Illuminate\\Http\\Request), Object(Closure))
#44 /home/k9n6iup22po9/public_html/VIPCLUBSCENE/vendor/laravel/framework/src/Illuminate/Pipeline/Pipeline.php(105): Illuminate\\Pipeline\\Pipeline->Illuminate\\Pipeline\\{closure}(Object(Illuminate\\Http\\Request))
#45 /home/k9n6iup22po9/public_html/VIPCLUBSCENE/vendor/laravel/framework/src/Illuminate/Foundation/Http/Kernel.php(147): Illuminate\\Pipeline\\Pipeline->then(Object(Closure))
#46 /home/k9n6iup22po9/public_html/VIPCLUBSCENE/vendor/laravel/framework/src/Illuminate/Foundation/Http/Kernel.php(112): Illuminate\\Foundation\\Http\\Kernel->sendRequestThroughRouter(Object(Illuminate\\Http\\Request))
#47 /home/k9n6iup22po9/public_html/VIPCLUBSCENE/index.php(52): Illuminate\\Foundation\\Http\\Kernel->handle(Object(Illuminate\\Http\\Request))
#48 {main}
"} 
[2023-12-01 11:59:56] production.ERROR: syntax error, unexpected ')', expecting identifier (T_STRING) or variable (T_VARIABLE) or '{' or '$' (View: /home/k9n6iup22po9/public_html/VIPCLUBSCENE/resources/views/profile/user-profile.blade.php) {"userId":77,"exception":"[object] (ErrorException(code: 0): syntax error, unexpected ')', expecting identifier (T_STRING) or variable (T_VARIABLE) or '{' or '$' (View: /home/k9n6iup22po9/public_html/VIPCLUBSCENE/resources/views/profile/user-profile.blade.php) at /home/k9n6iup22po9/public_html/VIPCLUBSCENE/storage/framework/views/2764aa80910278b16c707448439ab3f212282343.php:28)
[stacktrace]
#0 /home/k9n6iup22po9/public_html/VIPCLUBSCENE/vendor/livewire/livewire/src/CompilerEngine.php(71): Illuminate\\View\\Engines\\CompilerEngine->handleViewException(Object(Symfony\\Component\\Debug\\Exception\\FatalThrowableError), 1)
#1 /home/k9n6iup22po9/public_html/VIPCLUBSCENE/vendor/laravel/framework/src/Illuminate/View/Engines/PhpEngine.php(47): Livewire\\CompilerEngine->handleViewException(Object(Symfony\\Component\\Debug\\Exception\\FatalThrowableError), 1)
#2 /home/k9n6iup22po9/public_html/VIPCLUBSCENE/vendor/livewire/livewire/src/LivewireViewCompilerEngine.php(36): Illuminate\\View\\Engines\\PhpEngine->evaluatePath('/home/k9n6iup22...', Array)
#3 /home/k9n6iup22po9/public_html/VIPCLUBSCENE/vendor/laravel/framework/src/Illuminate/View/Engines/CompilerEngine.php(59): Livewire\\LivewireViewCompilerEngine->evaluatePath('/home/k9n6iup22...', Array)
#4 /home/k9n6iup22po9/public_html/VIPCLUBSCENE/vendor/laravel/framework/src/Illuminate/View/View.php(143): Illuminate\\View\\Engines\\CompilerEngine->get('/home/k9n6iup22...', Array)
#5 /home/k9n6iup22po9/public_html/VIPCLUBSCENE/vendor/laravel/framework/src/Illuminate/View/View.php(126): Illuminate\\View\\View->getContents()
#6 /home/k9n6iup22po9/public_html/VIPCLUBSCENE/vendor/laravel/framework/src/Illuminate/View/View.php(91): Illuminate\\View\\View->renderContents()
#7 /home/k9n6iup22po9/public_html/VIPCLUBSCENE/vendor/laravel/framework/src/Illuminate/Http/Response.php(42): Illuminate\\View\\View->render()
#8 /home/k9n6iup22po9/public_html/VIPCLUBSCENE/vendor/symfony/http-foundation/Response.php(205): Illuminate\\Http\\Response->setContent(Object(Illuminate\\View\\View))
#9 /home/k9n6iup22po9/public_html/VIPCLUBSCENE/vendor/laravel/framework/src/Illuminate/Routing/Router.php(754): Symfony\\Component\\HttpFoundation\\Response->__construct(Object(Illuminate\\View\\View), 200, Array)
#10 /home/k9n6iup22po9/public_html/VIPCLUBSCENE/vendor/laravel/framework/src/Illuminate/Routing/Router.php(726): Illuminate\\Routing\\Router::toResponse(Object(Illuminate\\Http\\Request), Object(Illuminate\\View\\View))
#11 /home/k9n6iup22po9/public_html/VIPCLUBSCENE/vendor/laravel/framework/src/Illuminate/Routing/Router.php(686): Illuminate\\Routing\\Router->prepareResponse(Object(Illuminate\\Http\\Request), Object(Illuminate\\View\\View))
#12 /home/k9n6iup22po9/public_html/VIPCLUBSCENE/vendor/laravel/framework/src/Illuminate/Pipeline/Pipeline.php(130): Illuminate\\Routing\\Router->Illuminate\\Routing\\{closure}(Object(Illuminate\\Http\\Request))
#13 /home/k9n6iup22po9/public_html/VIPCLUBSCENE/app/Http/Middleware/UserLastAuthMiddleware.php(59): Illuminate\\Pipeline\\Pipeline->Illuminate\\Pipeline\\{closure}(Object(Illuminate\\Http\\Request))
#14 /home/k9n6iup22po9/public_html/VIPCLUBSCENE/vendor/laravel/framework/src/Illuminate/Pipeline/Pipeline.php(171): App\\Http\\Middleware\\UserLastAuthMiddleware->handle(Object(Illuminate\\Http\\Request), Object(Closure))
#15 /home/k9n6iup22po9/public_html/VIPCLUBSCENE/vendor/uxweb/sweet-alert/src/SweetAlert/ConvertMessagesIntoSweetAlert.php(49): Illuminate\\Pipeline\\Pipeline->Illuminate\\Pipeline\\{closure}(Object(Illuminate\\Http\\Request))
#16 /home/k9n6iup22po9/public_html/VIPCLUBSCENE/vendor/laravel/framework/src/Illuminate/Pipeline/Pipeline.php(171): UxWeb\\SweetAlert\\ConvertMessagesIntoSweetAlert->handle(Object(Illuminate\\Http\\Request), Object(Closure))
#17 /home/k9n6iup22po9/public_html/VIPCLUBSCENE/vendor/laravel/framework/src/Illuminate/Routing/Middleware/SubstituteBindings.php(41): Illuminate\\Pipeline\\Pipeline->Illuminate\\Pipeline\\{closure}(Object(Illuminate\\Http\\Request))
#18 /home/k9n6iup22po9/public_html/VIPCLUBSCENE/vendor/laravel/framework/src/Illuminate/Pipeline/Pipeline.php(171): Illuminate\\Routing\\Middleware\\SubstituteBindings->handle(Object(Illuminate\\Http\\Request), Object(Closure))
#19 /home/k9n6iup22po9/public_html/VIPCLUBSCENE/vendor/laravel/framework/src/Illuminate/Foundation/Http/Middleware/VerifyCsrfToken.php(77): Illuminate\\Pipeline\\Pipeline->Illuminate\\Pipeline\\{closure}(Object(Illuminate\\Http\\Request))
#20 /home/k9n6iup22po9/public_html/VIPCLUBSCENE/vendor/laravel/framework/src/Illuminate/Pipeline/Pipeline.php(171): Illuminate\\Foundation\\Http\\Middleware\\VerifyCsrfToken->handle(Object(Illuminate\\Http\\Request), Object(Closure))
#21 /home/k9n6iup22po9/public_html/VIPCLUBSCENE/vendor/laravel/framework/src/Illuminate/View/Middleware/ShareErrorsFromSession.php(49): Illuminate\\Pipeline\\Pipeline->Illuminate\\Pipeline\\{closure}(Object(Illuminate\\Http\\Request))
#22 /home/k9n6iup22po9/public_html/VIPCLUBSCENE/vendor/laravel/framework/src/Illuminate/Pipeline/Pipeline.php(171): Illuminate\\View\\Middleware\\ShareErrorsFromSession->handle(Object(Illuminate\\Http\\Request), Object(Closure))
#23 /home/k9n6iup22po9/public_html/VIPCLUBSCENE/vendor/laravel/framework/src/Illuminate/Session/Middleware/StartSession.php(56): Illuminate\\Pipeline\\Pipeline->Illuminate\\Pipeline\\{closure}(Object(Illuminate\\Http\\Request))
#24 /home/k9n6iup22po9/public_html/VIPCLUBSCENE/vendor/laravel/framework/src/Illuminate/Pipeline/Pipeline.php(171): Illuminate\\Session\\Middleware\\StartSession->handle(Object(Illuminate\\Http\\Request), Object(Closure))
#25 /home/k9n6iup22po9/public_html/VIPCLUBSCENE/vendor/laravel/framework/src/Illuminate/Cookie/Middleware/AddQueuedCookiesToResponse.php(37): Illuminate\\Pipeline\\Pipeline->Illuminate\\Pipeline\\{closure}(Object(Illuminate\\Http\\Request))
#26 /home/k9n6iup22po9/public_html/VIPCLUBSCENE/vendor/laravel/framework/src/Illuminate/Pipeline/Pipeline.php(171): Illuminate\\Cookie\\Middleware\\AddQueuedCookiesToResponse->handle(Object(Illuminate\\Http\\Request), Object(Closure))
#27 /home/k9n6iup22po9/public_html/VIPCLUBSCENE/vendor/laravel/framework/src/Illuminate/Cookie/Middleware/EncryptCookies.php(67): Illuminate\\Pipeline\\Pipeline->Illuminate\\Pipeline\\{closure}(Object(Illuminate\\Http\\Request))
#28 /home/k9n6iup22po9/public_html/VIPCLUBSCENE/vendor/laravel/framework/src/Illuminate/Pipeline/Pipeline.php(171): Illuminate\\Cookie\\Middleware\\EncryptCookies->handle(Object(Illuminate\\Http\\Request), Object(Closure))
#29 /home/k9n6iup22po9/public_html/VIPCLUBSCENE/vendor/laravel/framework/src/Illuminate/Pipeline/Pipeline.php(105): Illuminate\\Pipeline\\Pipeline->Illuminate\\Pipeline\\{closure}(Object(Illuminate\\Http\\Request))
#30 /home/k9n6iup22po9/public_html/VIPCLUBSCENE/vendor/laravel/framework/src/Illuminate/Routing/Router.php(688): Illuminate\\Pipeline\\Pipeline->then(Object(Closure))
#31 /home/k9n6iup22po9/public_html/VIPCLUBSCENE/vendor/laravel/framework/src/Illuminate/Routing/Router.php(663): Illuminate\\Routing\\Router->runRouteWithinStack(Object(Illuminate\\Routing\\Route), Object(Illuminate\\Http\\Request))
#32 /home/k9n6iup22po9/public_html/VIPCLUBSCENE/vendor/laravel/framework/src/Illuminate/Routing/Router.php(629): Illuminate\\Routing\\Router->runRoute(Object(Illuminate\\Http\\Request), Object(Illuminate\\Routing\\Route))
#33 /home/k9n6iup22po9/public_html/VIPCLUBSCENE/vendor/laravel/framework/src/Illuminate/Routing/Router.php(618): Illuminate\\Routing\\Router->dispatchToRoute(Object(Illuminate\\Http\\Request))
#34 /home/k9n6iup22po9/public_html/VIPCLUBSCENE/vendor/laravel/framework/src/Illuminate/Foundation/Http/Kernel.php(172): Illuminate\\Routing\\Router->dispatch(Object(Illuminate\\Http\\Request))
#35 /home/k9n6iup22po9/public_html/VIPCLUBSCENE/vendor/laravel/framework/src/Illuminate/Pipeline/Pipeline.php(130): Illuminate\\Foundation\\Http\\Kernel->Illuminate\\Foundation\\Http\\{closure}(Object(Illuminate\\Http\\Request))
#36 /home/k9n6iup22po9/public_html/VIPCLUBSCENE/vendor/fideloper/proxy/src/TrustProxies.php(57): Illuminate\\Pipeline\\Pipeline->Illuminate\\Pipeline\\{closure}(Object(Illuminate\\Http\\Request))
#37 /home/k9n6iup22po9/public_html/VIPCLUBSCENE/vendor/laravel/framework/src/Illuminate/Pipeline/Pipeline.php(171): Fideloper\\Proxy\\TrustProxies->handle(Object(Illuminate\\Http\\Request), Object(Closure))
#38 /home/k9n6iup22po9/public_html/VIPCLUBSCENE/vendor/laravel/framework/src/Illuminate/Foundation/Http/Middleware/TransformsRequest.php(21): Illuminate\\Pipeline\\Pipeline->Illuminate\\Pipeline\\{closure}(Object(Illuminate\\Http\\Request))
#39 /home/k9n6iup22po9/public_html/VIPCLUBSCENE/vendor/laravel/framework/src/Illuminate/Pipeline/Pipeline.php(171): Illuminate\\Foundation\\Http\\Middleware\\TransformsRequest->handle(Object(Illuminate\\Http\\Request), Object(Closure))
#40 /home/k9n6iup22po9/public_html/VIPCLUBSCENE/vendor/laravel/framework/src/Illuminate/Foundation/Http/Middleware/TransformsRequest.php(21): Illuminate\\Pipeline\\Pipeline->Illuminate\\Pipeline\\{closure}(Object(Illuminate\\Http\\Request))
#41 /home/k9n6iup22po9/public_html/VIPCLUBSCENE/vendor/laravel/framework/src/Illuminate/Pipeline/Pipeline.php(171): Illuminate\\Foundation\\Http\\Middleware\\TransformsRequest->handle(Object(Illuminate\\Http\\Request), Object(Closure))
#42 /home/k9n6iup22po9/public_html/VIPCLUBSCENE/vendor/laravel/framework/src/Illuminate/Foundation/Http/Middleware/ValidatePostSize.php(27): Illuminate\\Pipeline\\Pipeline->Illuminate\\Pipeline\\{closure}(Object(Illuminate\\Http\\Request))
#43 /home/k9n6iup22po9/public_html/VIPCLUBSCENE/vendor/laravel/framework/src/Illuminate/Pipeline/Pipeline.php(171): Illuminate\\Foundation\\Http\\Middleware\\ValidatePostSize->handle(Object(Illuminate\\Http\\Request), Object(Closure))
#44 /home/k9n6iup22po9/public_html/VIPCLUBSCENE/vendor/laravel/framework/src/Illuminate/Foundation/Http/Middleware/CheckForMaintenanceMode.php(63): Illuminate\\Pipeline\\Pipeline->Illuminate\\Pipeline\\{closure}(Object(Illuminate\\Http\\Request))
#45 /home/k9n6iup22po9/public_html/VIPCLUBSCENE/vendor/laravel/framework/src/Illuminate/Pipeline/Pipeline.php(171): Illuminate\\Foundation\\Http\\Middleware\\CheckForMaintenanceMode->handle(Object(Illuminate\\Http\\Request), Object(Closure))
#46 /home/k9n6iup22po9/public_html/VIPCLUBSCENE/vendor/laravel/framework/src/Illuminate/Pipeline/Pipeline.php(105): Illuminate\\Pipeline\\Pipeline->Illuminate\\Pipeline\\{closure}(Object(Illuminate\\Http\\Request))
#47 /home/k9n6iup22po9/public_html/VIPCLUBSCENE/vendor/laravel/framework/src/Illuminate/Foundation/Http/Kernel.php(147): Illuminate\\Pipeline\\Pipeline->then(Object(Closure))
#48 /home/k9n6iup22po9/public_html/VIPCLUBSCENE/vendor/laravel/framework/src/Illuminate/Foundation/Http/Kernel.php(112): Illuminate\\Foundation\\Http\\Kernel->sendRequestThroughRouter(Object(Illuminate\\Http\\Request))
#49 /home/k9n6iup22po9/public_html/VIPCLUBSCENE/index.php(52): Illuminate\\Foundation\\Http\\Kernel->handle(Object(Illuminate\\Http\\Request))
#50 {main}

[previous exception] [object] (Symfony\\Component\\Debug\\Exception\\FatalThrowableError(code: 0): syntax error, unexpected ')', expecting identifier (T_STRING) or variable (T_VARIABLE) or '{' or '$' at /home/k9n6iup22po9/public_html/VIPCLUBSCENE/storage/framework/views/2764aa80910278b16c707448439ab3f212282343.php:28)
[stacktrace]
#0 /home/k9n6iup22po9/public_html/VIPCLUBSCENE/vendor/livewire/livewire/src/LivewireViewCompilerEngine.php(36): Illuminate\\View\\Engines\\PhpEngine->evaluatePath('/home/k9n6iup22...', Array)
#1 /home/k9n6iup22po9/public_html/VIPCLUBSCENE/vendor/laravel/framework/src/Illuminate/View/Engines/CompilerEngine.php(59): Livewire\\LivewireViewCompilerEngine->evaluatePath('/home/k9n6iup22...', Array)
#2 /home/k9n6iup22po9/public_html/VIPCLUBSCENE/vendor/laravel/framework/src/Illuminate/View/View.php(143): Illuminate\\View\\Engines\\CompilerEngine->get('/home/k9n6iup22...', Array)
#3 /home/k9n6iup22po9/public_html/VIPCLUBSCENE/vendor/laravel/framework/src/Illuminate/View/View.php(126): Illuminate\\View\\View->getContents()
#4 /home/k9n6iup22po9/public_html/VIPCLUBSCENE/vendor/laravel/framework/src/Illuminate/View/View.php(91): Illuminate\\View\\View->renderContents()
#5 /home/k9n6iup22po9/public_html/VIPCLUBSCENE/vendor/laravel/framework/src/Illuminate/Http/Response.php(42): Illuminate\\View\\View->render()
#6 /home/k9n6iup22po9/public_html/VIPCLUBSCENE/vendor/symfony/http-foundation/Response.php(205): Illuminate\\Http\\Response->setContent(Object(Illuminate\\View\\View))
#7 /home/k9n6iup22po9/public_html/VIPCLUBSCENE/vendor/laravel/framework/src/Illuminate/Routing/Router.php(754): Symfony\\Component\\HttpFoundation\\Response->__construct(Object(Illuminate\\View\\View), 200, Array)
#8 /home/k9n6iup22po9/public_html/VIPCLUBSCENE/vendor/laravel/framework/src/Illuminate/Routing/Router.php(726): Illuminate\\Routing\\Router::toResponse(Object(Illuminate\\Http\\Request), Object(Illuminate\\View\\View))
#9 /home/k9n6iup22po9/public_html/VIPCLUBSCENE/vendor/laravel/framework/src/Illuminate/Routing/Router.php(686): Illuminate\\Routing\\Router->prepareResponse(Object(Illuminate\\Http\\Request), Object(Illuminate\\View\\View))
#10 /home/k9n6iup22po9/public_html/VIPCLUBSCENE/vendor/laravel/framework/src/Illuminate/Pipeline/Pipeline.php(130): Illuminate\\Routing\\Router->Illuminate\\Routing\\{closure}(Object(Illuminate\\Http\\Request))
#11 /home/k9n6iup22po9/public_html/VIPCLUBSCENE/app/Http/Middleware/UserLastAuthMiddleware.php(59): Illuminate\\Pipeline\\Pipeline->Illuminate\\Pipeline\\{closure}(Object(Illuminate\\Http\\Request))
#12 /home/k9n6iup22po9/public_html/VIPCLUBSCENE/vendor/laravel/framework/src/Illuminate/Pipeline/Pipeline.php(171): App\\Http\\Middleware\\UserLastAuthMiddleware->handle(Object(Illuminate\\Http\\Request), Object(Closure))
#13 /home/k9n6iup22po9/public_html/VIPCLUBSCENE/vendor/uxweb/sweet-alert/src/SweetAlert/ConvertMessagesIntoSweetAlert.php(49): Illuminate\\Pipeline\\Pipeline->Illuminate\\Pipeline\\{closure}(Object(Illuminate\\Http\\Request))
#14 /home/k9n6iup22po9/public_html/VIPCLUBSCENE/vendor/laravel/framework/src/Illuminate/Pipeline/Pipeline.php(171): UxWeb\\SweetAlert\\ConvertMessagesIntoSweetAlert->handle(Object(Illuminate\\Http\\Request), Object(Closure))
#15 /home/k9n6iup22po9/public_html/VIPCLUBSCENE/vendor/laravel/framework/src/Illuminate/Routing/Middleware/SubstituteBindings.php(41): Illuminate\\Pipeline\\Pipeline->Illuminate\\Pipeline\\{closure}(Object(Illuminate\\Http\\Request))
#16 /home/k9n6iup22po9/public_html/VIPCLUBSCENE/vendor/laravel/framework/src/Illuminate/Pipeline/Pipeline.php(171): Illuminate\\Routing\\Middleware\\SubstituteBindings->handle(Object(Illuminate\\Http\\Request), Object(Closure))
#17 /home/k9n6iup22po9/public_html/VIPCLUBSCENE/vendor/laravel/framework/src/Illuminate/Foundation/Http/Middleware/VerifyCsrfToken.php(77): Illuminate\\Pipeline\\Pipeline->Illuminate\\Pipeline\\{closure}(Object(Illuminate\\Http\\Request))
#18 /home/k9n6iup22po9/public_html/VIPCLUBSCENE/vendor/laravel/framework/src/Illuminate/Pipeline/Pipeline.php(171): Illuminate\\Foundation\\Http\\Middleware\\VerifyCsrfToken->handle(Object(Illuminate\\Http\\Request), Object(Closure))
#19 /home/k9n6iup22po9/public_html/VIPCLUBSCENE/vendor/laravel/framework/src/Illuminate/View/Middleware/ShareErrorsFromSession.php(49): Illuminate\\Pipeline\\Pipeline->Illuminate\\Pipeline\\{closure}(Object(Illuminate\\Http\\Request))
#20 /home/k9n6iup22po9/public_html/VIPCLUBSCENE/vendor/laravel/framework/src/Illuminate/Pipeline/Pipeline.php(171): Illuminate\\View\\Middleware\\ShareErrorsFromSession->handle(Object(Illuminate\\Http\\Request), Object(Closure))
#21 /home/k9n6iup22po9/public_html/VIPCLUBSCENE/vendor/laravel/framework/src/Illuminate/Session/Middleware/StartSession.php(56): Illuminate\\Pipeline\\Pipeline->Illuminate\\Pipeline\\{closure}(Object(Illuminate\\Http\\Request))
#22 /home/k9n6iup22po9/public_html/VIPCLUBSCENE/vendor/laravel/framework/src/Illuminate/Pipeline/Pipeline.php(171): Illuminate\\Session\\Middleware\\StartSession->handle(Object(Illuminate\\Http\\Request), Object(Closure))
#23 /home/k9n6iup22po9/public_html/VIPCLUBSCENE/vendor/laravel/framework/src/Illuminate/Cookie/Middleware/AddQueuedCookiesToResponse.php(37): Illuminate\\Pipeline\\Pipeline->Illuminate\\Pipeline\\{closure}(Object(Illuminate\\Http\\Request))
#24 /home/k9n6iup22po9/public_html/VIPCLUBSCENE/vendor/laravel/framework/src/Illuminate/Pipeline/Pipeline.php(171): Illuminate\\Cookie\\Middleware\\AddQueuedCookiesToResponse->handle(Object(Illuminate\\Http\\Request), Object(Closure))
#25 /home/k9n6iup22po9/public_html/VIPCLUBSCENE/vendor/laravel/framework/src/Illuminate/Cookie/Middleware/EncryptCookies.php(67): Illuminate\\Pipeline\\Pipeline->Illuminate\\Pipeline\\{closure}(Object(Illuminate\\Http\\Request))
#26 /home/k9n6iup22po9/public_html/VIPCLUBSCENE/vendor/laravel/framework/src/Illuminate/Pipeline/Pipeline.php(171): Illuminate\\Cookie\\Middleware\\EncryptCookies->handle(Object(Illuminate\\Http\\Request), Object(Closure))
#27 /home/k9n6iup22po9/public_html/VIPCLUBSCENE/vendor/laravel/framework/src/Illuminate/Pipeline/Pipeline.php(105): Illuminate\\Pipeline\\Pipeline->Illuminate\\Pipeline\\{closure}(Object(Illuminate\\Http\\Request))
#28 /home/k9n6iup22po9/public_html/VIPCLUBSCENE/vendor/laravel/framework/src/Illuminate/Routing/Router.php(688): Illuminate\\Pipeline\\Pipeline->then(Object(Closure))
#29 /home/k9n6iup22po9/public_html/VIPCLUBSCENE/vendor/laravel/framework/src/Illuminate/Routing/Router.php(663): Illuminate\\Routing\\Router->runRouteWithinStack(Object(Illuminate\\Routing\\Route), Object(Illuminate\\Http\\Request))
#30 /home/k9n6iup22po9/public_html/VIPCLUBSCENE/vendor/laravel/framework/src/Illuminate/Routing/Router.php(629): Illuminate\\Routing\\Router->runRoute(Object(Illuminate\\Http\\Request), Object(Illuminate\\Routing\\Route))
#31 /home/k9n6iup22po9/public_html/VIPCLUBSCENE/vendor/laravel/framework/src/Illuminate/Routing/Router.php(618): Illuminate\\Routing\\Router->dispatchToRoute(Object(Illuminate\\Http\\Request))
#32 /home/k9n6iup22po9/public_html/VIPCLUBSCENE/vendor/laravel/framework/src/Illuminate/Foundation/Http/Kernel.php(172): Illuminate\\Routing\\Router->dispatch(Object(Illuminate\\Http\\Request))
#33 /home/k9n6iup22po9/public_html/VIPCLUBSCENE/vendor/laravel/framework/src/Illuminate/Pipeline/Pipeline.php(130): Illuminate\\Foundation\\Http\\Kernel->Illuminate\\Foundation\\Http\\{closure}(Object(Illuminate\\Http\\Request))
#34 /home/k9n6iup22po9/public_html/VIPCLUBSCENE/vendor/fideloper/proxy/src/TrustProxies.php(57): Illuminate\\Pipeline\\Pipeline->Illuminate\\Pipeline\\{closure}(Object(Illuminate\\Http\\Request))
#35 /home/k9n6iup22po9/public_html/VIPCLUBSCENE/vendor/laravel/framework/src/Illuminate/Pipeline/Pipeline.php(171): Fideloper\\Proxy\\TrustProxies->handle(Object(Illuminate\\Http\\Request), Object(Closure))
#36 /home/k9n6iup22po9/public_html/VIPCLUBSCENE/vendor/laravel/framework/src/Illuminate/Foundation/Http/Middleware/TransformsRequest.php(21): Illuminate\\Pipeline\\Pipeline->Illuminate\\Pipeline\\{closure}(Object(Illuminate\\Http\\Request))
#37 /home/k9n6iup22po9/public_html/VIPCLUBSCENE/vendor/laravel/framework/src/Illuminate/Pipeline/Pipeline.php(171): Illuminate\\Foundation\\Http\\Middleware\\TransformsRequest->handle(Object(Illuminate\\Http\\Request), Object(Closure))
#38 /home/k9n6iup22po9/public_html/VIPCLUBSCENE/vendor/laravel/framework/src/Illuminate/Foundation/Http/Middleware/TransformsRequest.php(21): Illuminate\\Pipeline\\Pipeline->Illuminate\\Pipeline\\{closure}(Object(Illuminate\\Http\\Request))
#39 /home/k9n6iup22po9/public_html/VIPCLUBSCENE/vendor/laravel/framework/src/Illuminate/Pipeline/Pipeline.php(171): Illuminate\\Foundation\\Http\\Middleware\\TransformsRequest->handle(Object(Illuminate\\Http\\Request), Object(Closure))
#40 /home/k9n6iup22po9/public_html/VIPCLUBSCENE/vendor/laravel/framework/src/Illuminate/Foundation/Http/Middleware/ValidatePostSize.php(27): Illuminate\\Pipeline\\Pipeline->Illuminate\\Pipeline\\{closure}(Object(Illuminate\\Http\\Request))
#41 /home/k9n6iup22po9/public_html/VIPCLUBSCENE/vendor/laravel/framework/src/Illuminate/Pipeline/Pipeline.php(171): Illuminate\\Foundation\\Http\\Middleware\\ValidatePostSize->handle(Object(Illuminate\\Http\\Request), Object(Closure))
#42 /home/k9n6iup22po9/public_html/VIPCLUBSCENE/vendor/laravel/framework/src/Illuminate/Foundation/Http/Middleware/CheckForMaintenanceMode.php(63): Illuminate\\Pipeline\\Pipeline->Illuminate\\Pipeline\\{closure}(Object(Illuminate\\Http\\Request))
#43 /home/k9n6iup22po9/public_html/VIPCLUBSCENE/vendor/laravel/framework/src/Illuminate/Pipeline/Pipeline.php(171): Illuminate\\Foundation\\Http\\Middleware\\CheckForMaintenanceMode->handle(Object(Illuminate\\Http\\Request), Object(Closure))
#44 /home/k9n6iup22po9/public_html/VIPCLUBSCENE/vendor/laravel/framework/src/Illuminate/Pipeline/Pipeline.php(105): Illuminate\\Pipeline\\Pipeline->Illuminate\\Pipeline\\{closure}(Object(Illuminate\\Http\\Request))
#45 /home/k9n6iup22po9/public_html/VIPCLUBSCENE/vendor/laravel/framework/src/Illuminate/Foundation/Http/Kernel.php(147): Illuminate\\Pipeline\\Pipeline->then(Object(Closure))
#46 /home/k9n6iup22po9/public_html/VIPCLUBSCENE/vendor/laravel/framework/src/Illuminate/Foundation/Http/Kernel.php(112): Illuminate\\Foundation\\Http\\Kernel->sendRequestThroughRouter(Object(Illuminate\\Http\\Request))
#47 /home/k9n6iup22po9/public_html/VIPCLUBSCENE/index.php(52): Illuminate\\Foundation\\Http\\Kernel->handle(Object(Illuminate\\Http\\Request))
#48 {main}
"} 
[2023-12-01 12:00:05] production.ERROR: Trying to get property 'profile' of non-object {"exception":"[object] (ErrorException(code: 0): Trying to get property 'profile' of non-object at /home/k9n6iup22po9/public_html/VIPCLUBSCENE/app/Http/Controllers/ProfileController.php:109)
[stacktrace]
#0 /home/k9n6iup22po9/public_html/VIPCLUBSCENE/app/Http/Controllers/ProfileController.php(109): Illuminate\\Foundation\\Bootstrap\\HandleExceptions->handleError(8, 'Trying to get p...', '/home/k9n6iup22...', 109, Array)
#1 /home/k9n6iup22po9/public_html/VIPCLUBSCENE/vendor/laravel/framework/src/Illuminate/Routing/Controller.php(54): App\\Http\\Controllers\\ProfileController->create()
#2 /home/k9n6iup22po9/public_html/VIPCLUBSCENE/vendor/laravel/framework/src/Illuminate/Routing/ControllerDispatcher.php(45): Illuminate\\Routing\\Controller->callAction('create', Array)
#3 /home/k9n6iup22po9/public_html/VIPCLUBSCENE/vendor/laravel/framework/src/Illuminate/Routing/Route.php(219): Illuminate\\Routing\\ControllerDispatcher->dispatch(Object(Illuminate\\Routing\\Route), Object(App\\Http\\Controllers\\ProfileController), 'create')
#4 /home/k9n6iup22po9/public_html/VIPCLUBSCENE/vendor/laravel/framework/src/Illuminate/Routing/Route.php(176): Illuminate\\Routing\\Route->runController()
#5 /home/k9n6iup22po9/public_html/VIPCLUBSCENE/vendor/laravel/framework/src/Illuminate/Routing/Router.php(686): Illuminate\\Routing\\Route->run()
#6 /home/k9n6iup22po9/public_html/VIPCLUBSCENE/vendor/laravel/framework/src/Illuminate/Pipeline/Pipeline.php(130): Illuminate\\Routing\\Router->Illuminate\\Routing\\{closure}(Object(Illuminate\\Http\\Request))
#7 /home/k9n6iup22po9/public_html/VIPCLUBSCENE/app/Http/Middleware/UserLastAuthMiddleware.php(59): Illuminate\\Pipeline\\Pipeline->Illuminate\\Pipeline\\{closure}(Object(Illuminate\\Http\\Request))
#8 /home/k9n6iup22po9/public_html/VIPCLUBSCENE/vendor/laravel/framework/src/Illuminate/Pipeline/Pipeline.php(171): App\\Http\\Middleware\\UserLastAuthMiddleware->handle(Object(Illuminate\\Http\\Request), Object(Closure))
#9 /home/k9n6iup22po9/public_html/VIPCLUBSCENE/vendor/uxweb/sweet-alert/src/SweetAlert/ConvertMessagesIntoSweetAlert.php(49): Illuminate\\Pipeline\\Pipeline->Illuminate\\Pipeline\\{closure}(Object(Illuminate\\Http\\Request))
#10 /home/k9n6iup22po9/public_html/VIPCLUBSCENE/vendor/laravel/framework/src/Illuminate/Pipeline/Pipeline.php(171): UxWeb\\SweetAlert\\ConvertMessagesIntoSweetAlert->handle(Object(Illuminate\\Http\\Request), Object(Closure))
#11 /home/k9n6iup22po9/public_html/VIPCLUBSCENE/vendor/laravel/framework/src/Illuminate/Routing/Middleware/SubstituteBindings.php(41): Illuminate\\Pipeline\\Pipeline->Illuminate\\Pipeline\\{closure}(Object(Illuminate\\Http\\Request))
#12 /home/k9n6iup22po9/public_html/VIPCLUBSCENE/vendor/laravel/framework/src/Illuminate/Pipeline/Pipeline.php(171): Illuminate\\Routing\\Middleware\\SubstituteBindings->handle(Object(Illuminate\\Http\\Request), Object(Closure))
#13 /home/k9n6iup22po9/public_html/VIPCLUBSCENE/vendor/laravel/framework/src/Illuminate/Foundation/Http/Middleware/VerifyCsrfToken.php(77): Illuminate\\Pipeline\\Pipeline->Illuminate\\Pipeline\\{closure}(Object(Illuminate\\Http\\Request))
#14 /home/k9n6iup22po9/public_html/VIPCLUBSCENE/vendor/laravel/framework/src/Illuminate/Pipeline/Pipeline.php(171): Illuminate\\Foundation\\Http\\Middleware\\VerifyCsrfToken->handle(Object(Illuminate\\Http\\Request), Object(Closure))
#15 /home/k9n6iup22po9/public_html/VIPCLUBSCENE/vendor/laravel/framework/src/Illuminate/View/Middleware/ShareErrorsFromSession.php(49): Illuminate\\Pipeline\\Pipeline->Illuminate\\Pipeline\\{closure}(Object(Illuminate\\Http\\Request))
#16 /home/k9n6iup22po9/public_html/VIPCLUBSCENE/vendor/laravel/framework/src/Illuminate/Pipeline/Pipeline.php(171): Illuminate\\View\\Middleware\\ShareErrorsFromSession->handle(Object(Illuminate\\Http\\Request), Object(Closure))
#17 /home/k9n6iup22po9/public_html/VIPCLUBSCENE/vendor/laravel/framework/src/Illuminate/Session/Middleware/StartSession.php(56): Illuminate\\Pipeline\\Pipeline->Illuminate\\Pipeline\\{closure}(Object(Illuminate\\Http\\Request))
#18 /home/k9n6iup22po9/public_html/VIPCLUBSCENE/vendor/laravel/framework/src/Illuminate/Pipeline/Pipeline.php(171): Illuminate\\Session\\Middleware\\StartSession->handle(Object(Illuminate\\Http\\Request), Object(Closure))
#19 /home/k9n6iup22po9/public_html/VIPCLUBSCENE/vendor/laravel/framework/src/Illuminate/Cookie/Middleware/AddQueuedCookiesToResponse.php(37): Illuminate\\Pipeline\\Pipeline->Illuminate\\Pipeline\\{closure}(Object(Illuminate\\Http\\Request))
#20 /home/k9n6iup22po9/public_html/VIPCLUBSCENE/vendor/laravel/framework/src/Illuminate/Pipeline/Pipeline.php(171): Illuminate\\Cookie\\Middleware\\AddQueuedCookiesToResponse->handle(Object(Illuminate\\Http\\Request), Object(Closure))
#21 /home/k9n6iup22po9/public_html/VIPCLUBSCENE/vendor/laravel/framework/src/Illuminate/Cookie/Middleware/EncryptCookies.php(67): Illuminate\\Pipeline\\Pipeline->Illuminate\\Pipeline\\{closure}(Object(Illuminate\\Http\\Request))
#22 /home/k9n6iup22po9/public_html/VIPCLUBSCENE/vendor/laravel/framework/src/Illuminate/Pipeline/Pipeline.php(171): Illuminate\\Cookie\\Middleware\\EncryptCookies->handle(Object(Illuminate\\Http\\Request), Object(Closure))
#23 /home/k9n6iup22po9/public_html/VIPCLUBSCENE/vendor/laravel/framework/src/Illuminate/Pipeline/Pipeline.php(105): Illuminate\\Pipeline\\Pipeline->Illuminate\\Pipeline\\{closure}(Object(Illuminate\\Http\\Request))
#24 /home/k9n6iup22po9/public_html/VIPCLUBSCENE/vendor/laravel/framework/src/Illuminate/Routing/Router.php(688): Illuminate\\Pipeline\\Pipeline->then(Object(Closure))
#25 /home/k9n6iup22po9/public_html/VIPCLUBSCENE/vendor/laravel/framework/src/Illuminate/Routing/Router.php(663): Illuminate\\Routing\\Router->runRouteWithinStack(Object(Illuminate\\Routing\\Route), Object(Illuminate\\Http\\Request))
#26 /home/k9n6iup22po9/public_html/VIPCLUBSCENE/vendor/laravel/framework/src/Illuminate/Routing/Router.php(629): Illuminate\\Routing\\Router->runRoute(Object(Illuminate\\Http\\Request), Object(Illuminate\\Routing\\Route))
#27 /home/k9n6iup22po9/public_html/VIPCLUBSCENE/vendor/laravel/framework/src/Illuminate/Routing/Router.php(618): Illuminate\\Routing\\Router->dispatchToRoute(Object(Illuminate\\Http\\Request))
#28 /home/k9n6iup22po9/public_html/VIPCLUBSCENE/vendor/laravel/framework/src/Illuminate/Foundation/Http/Kernel.php(172): Illuminate\\Routing\\Router->dispatch(Object(Illuminate\\Http\\Request))
#29 /home/k9n6iup22po9/public_html/VIPCLUBSCENE/vendor/laravel/framework/src/Illuminate/Pipeline/Pipeline.php(130): Illuminate\\Foundation\\Http\\Kernel->Illuminate\\Foundation\\Http\\{closure}(Object(Illuminate\\Http\\Request))
#30 /home/k9n6iup22po9/public_html/VIPCLUBSCENE/vendor/fideloper/proxy/src/TrustProxies.php(57): Illuminate\\Pipeline\\Pipeline->Illuminate\\Pipeline\\{closure}(Object(Illuminate\\Http\\Request))
#31 /home/k9n6iup22po9/public_html/VIPCLUBSCENE/vendor/laravel/framework/src/Illuminate/Pipeline/Pipeline.php(171): Fideloper\\Proxy\\TrustProxies->handle(Object(Illuminate\\Http\\Request), Object(Closure))
#32 /home/k9n6iup22po9/public_html/VIPCLUBSCENE/vendor/laravel/framework/src/Illuminate/Foundation/Http/Middleware/TransformsRequest.php(21): Illuminate\\Pipeline\\Pipeline->Illuminate\\Pipeline\\{closure}(Object(Illuminate\\Http\\Request))
#33 /home/k9n6iup22po9/public_html/VIPCLUBSCENE/vendor/laravel/framework/src/Illuminate/Pipeline/Pipeline.php(171): Illuminate\\Foundation\\Http\\Middleware\\TransformsRequest->handle(Object(Illuminate\\Http\\Request), Object(Closure))
#34 /home/k9n6iup22po9/public_html/VIPCLUBSCENE/vendor/laravel/framework/src/Illuminate/Foundation/Http/Middleware/TransformsRequest.php(21): Illuminate\\Pipeline\\Pipeline->Illuminate\\Pipeline\\{closure}(Object(Illuminate\\Http\\Request))
#35 /home/k9n6iup22po9/public_html/VIPCLUBSCENE/vendor/laravel/framework/src/Illuminate/Pipeline/Pipeline.php(171): Illuminate\\Foundation\\Http\\Middleware\\TransformsRequest->handle(Object(Illuminate\\Http\\Request), Object(Closure))
#36 /home/k9n6iup22po9/public_html/VIPCLUBSCENE/vendor/laravel/framework/src/Illuminate/Foundation/Http/Middleware/ValidatePostSize.php(27): Illuminate\\Pipeline\\Pipeline->Illuminate\\Pipeline\\{closure}(Object(Illuminate\\Http\\Request))
#37 /home/k9n6iup22po9/public_html/VIPCLUBSCENE/vendor/laravel/framework/src/Illuminate/Pipeline/Pipeline.php(171): Illuminate\\Foundation\\Http\\Middleware\\ValidatePostSize->handle(Object(Illuminate\\Http\\Request), Object(Closure))
#38 /home/k9n6iup22po9/public_html/VIPCLUBSCENE/vendor/laravel/framework/src/Illuminate/Foundation/Http/Middleware/CheckForMaintenanceMode.php(63): Illuminate\\Pipeline\\Pipeline->Illuminate\\Pipeline\\{closure}(Object(Illuminate\\Http\\Request))
#39 /home/k9n6iup22po9/public_html/VIPCLUBSCENE/vendor/laravel/framework/src/Illuminate/Pipeline/Pipeline.php(171): Illuminate\\Foundation\\Http\\Middleware\\CheckForMaintenanceMode->handle(Object(Illuminate\\Http\\Request), Object(Closure))
#40 /home/k9n6iup22po9/public_html/VIPCLUBSCENE/vendor/laravel/framework/src/Illuminate/Pipeline/Pipeline.php(105): Illuminate\\Pipeline\\Pipeline->Illuminate\\Pipeline\\{closure}(Object(Illuminate\\Http\\Request))
#41 /home/k9n6iup22po9/public_html/VIPCLUBSCENE/vendor/laravel/framework/src/Illuminate/Foundation/Http/Kernel.php(147): Illuminate\\Pipeline\\Pipeline->then(Object(Closure))
#42 /home/k9n6iup22po9/public_html/VIPCLUBSCENE/vendor/laravel/framework/src/Illuminate/Foundation/Http/Kernel.php(112): Illuminate\\Foundation\\Http\\Kernel->sendRequestThroughRouter(Object(Illuminate\\Http\\Request))
#43 /home/k9n6iup22po9/public_html/VIPCLUBSCENE/index.php(52): Illuminate\\Foundation\\Http\\Kernel->handle(Object(Illuminate\\Http\\Request))
#44 {main}
"} 
