[2023-05-03 08:47:15] production.ERROR: Uncaught PDOException: SQLSTATE[42000] [1203] User vip_club_admin already has more than 'max_user_connections' active connections in /home/k9n6iup22po9/public_html/VIPCLUBSCENE/vendor/doctrine/dbal/lib/Doctrine/DBAL/Driver/PDOConnection.php:38
Stack trace:
#0 /home/k9n6iup22po9/public_html/VIPCLUBSCENE/vendor/doctrine/dbal/lib/Doctrine/DBAL/Driver/PDOConnection.php(38): PDO->__construct('mysql:host=loca...', 'vip_club_admin', '0c84FLs6GFvD', Array)
#1 /home/k9n6iup22po9/public_html/VIPCLUBSCENE/vendor/laravel/framework/src/Illuminate/Database/Connectors/Connector.php(67): Doctrine\DBAL\Driver\PDOConnection->__construct('mysql:host=loca...', 'vip_club_admin', '0c84FLs6GFvD', Array)
#2 /home/k9n6iup22po9/public_html/VIPCLUBSCENE/vendor/laravel/framework/src/Illuminate/Database/Connectors/Connector.php(46): Illuminate\Database\Connectors\Connector->createPdoConnection('mysql:host=loca...', 'vip_club_admin', '0c84FLs6GFvD', Array)
#3 /home/k9n6iup22po9/public_html/VIPCLUBSCENE/vendor/laravel/framework/src/Illumin {"exception":"[object] (Symfony\\Component\\Debug\\Exception\\FatalErrorException(code: 1): Uncaught PDOException: SQLSTATE[42000] [1203] User vip_club_admin already has more than 'max_user_connections' active connections in /home/k9n6iup22po9/public_html/VIPCLUBSCENE/vendor/doctrine/dbal/lib/Doctrine/DBAL/Driver/PDOConnection.php:38
Stack trace:
#0 /home/k9n6iup22po9/public_html/VIPCLUBSCENE/vendor/doctrine/dbal/lib/Doctrine/DBAL/Driver/PDOConnection.php(38): PDO->__construct('mysql:host=loca...', 'vip_club_admin', '0c84FLs6GFvD', Array)
#1 /home/k9n6iup22po9/public_html/VIPCLUBSCENE/vendor/laravel/framework/src/Illuminate/Database/Connectors/Connector.php(67): Doctrine\\DBAL\\Driver\\PDOConnection->__construct('mysql:host=loca...', 'vip_club_admin', '0c84FLs6GFvD', Array)
#2 /home/k9n6iup22po9/public_html/VIPCLUBSCENE/vendor/laravel/framework/src/Illuminate/Database/Connectors/Connector.php(46): Illuminate\\Database\\Connectors\\Connector->createPdoConnection('mysql:host=loca...', 'vip_club_admin', '0c84FLs6GFvD', Array)
#3 /home/k9n6iup22po9/public_html/VIPCLUBSCENE/vendor/laravel/framework/src/Illumin at /home/k9n6iup22po9/public_html/VIPCLUBSCENE/vendor/laravel/framework/src/Illuminate/Database/Connection.php:669)
[stacktrace]
#0 {main}
"} 
[2023-05-03 08:47:15] production.ERROR: Uncaught PDOException: SQLSTATE[42000] [1203] User vip_club_admin already has more than 'max_user_connections' active connections in /home/k9n6iup22po9/public_html/VIPCLUBSCENE/vendor/doctrine/dbal/lib/Doctrine/DBAL/Driver/PDOConnection.php:38
Stack trace:
#0 /home/k9n6iup22po9/public_html/VIPCLUBSCENE/vendor/doctrine/dbal/lib/Doctrine/DBAL/Driver/PDOConnection.php(38): PDO->__construct('mysql:host=loca...', 'vip_club_admin', '0c84FLs6GFvD', Array)
#1 /home/k9n6iup22po9/public_html/VIPCLUBSCENE/vendor/laravel/framework/src/Illuminate/Database/Connectors/Connector.php(67): Doctrine\DBAL\Driver\PDOConnection->__construct('mysql:host=loca...', 'vip_club_admin', '0c84FLs6GFvD', Array)
#2 /home/k9n6iup22po9/public_html/VIPCLUBSCENE/vendor/laravel/framework/src/Illuminate/Database/Connectors/Connector.php(46): Illuminate\Database\Connectors\Connector->createPdoConnection('mysql:host=loca...', 'vip_club_admin', '0c84FLs6GFvD', Array)
#3 /home/k9n6iup22po9/public_html/VIPCLUBSCENE/vendor/laravel/framework/src/Illumin {"exception":"[object] (Symfony\\Component\\Debug\\Exception\\FatalErrorException(code: 1): Uncaught PDOException: SQLSTATE[42000] [1203] User vip_club_admin already has more than 'max_user_connections' active connections in /home/k9n6iup22po9/public_html/VIPCLUBSCENE/vendor/doctrine/dbal/lib/Doctrine/DBAL/Driver/PDOConnection.php:38
Stack trace:
#0 /home/k9n6iup22po9/public_html/VIPCLUBSCENE/vendor/doctrine/dbal/lib/Doctrine/DBAL/Driver/PDOConnection.php(38): PDO->__construct('mysql:host=loca...', 'vip_club_admin', '0c84FLs6GFvD', Array)
#1 /home/k9n6iup22po9/public_html/VIPCLUBSCENE/vendor/laravel/framework/src/Illuminate/Database/Connectors/Connector.php(67): Doctrine\\DBAL\\Driver\\PDOConnection->__construct('mysql:host=loca...', 'vip_club_admin', '0c84FLs6GFvD', Array)
#2 /home/k9n6iup22po9/public_html/VIPCLUBSCENE/vendor/laravel/framework/src/Illuminate/Database/Connectors/Connector.php(46): Illuminate\\Database\\Connectors\\Connector->createPdoConnection('mysql:host=loca...', 'vip_club_admin', '0c84FLs6GFvD', Array)
#3 /home/k9n6iup22po9/public_html/VIPCLUBSCENE/vendor/laravel/framework/src/Illumin at /home/k9n6iup22po9/public_html/VIPCLUBSCENE/vendor/laravel/framework/src/Illuminate/Database/Connection.php:669)
[stacktrace]
#0 {main}
"} 
[2023-05-03 08:47:15] production.ERROR: Uncaught PDOException: SQLSTATE[42000] [1203] User vip_club_admin already has more than 'max_user_connections' active connections in /home/k9n6iup22po9/public_html/VIPCLUBSCENE/vendor/doctrine/dbal/lib/Doctrine/DBAL/Driver/PDOConnection.php:38
Stack trace:
#0 /home/k9n6iup22po9/public_html/VIPCLUBSCENE/vendor/doctrine/dbal/lib/Doctrine/DBAL/Driver/PDOConnection.php(38): PDO->__construct('mysql:host=loca...', 'vip_club_admin', '0c84FLs6GFvD', Array)
#1 /home/k9n6iup22po9/public_html/VIPCLUBSCENE/vendor/laravel/framework/src/Illuminate/Database/Connectors/Connector.php(67): Doctrine\DBAL\Driver\PDOConnection->__construct('mysql:host=loca...', 'vip_club_admin', '0c84FLs6GFvD', Array)
#2 /home/k9n6iup22po9/public_html/VIPCLUBSCENE/vendor/laravel/framework/src/Illuminate/Database/Connectors/Connector.php(46): Illuminate\Database\Connectors\Connector->createPdoConnection('mysql:host=loca...', 'vip_club_admin', '0c84FLs6GFvD', Array)
#3 /home/k9n6iup22po9/public_html/VIPCLUBSCENE/vendor/laravel/framework/src/Illumin {"exception":"[object] (Symfony\\Component\\Debug\\Exception\\FatalErrorException(code: 1): Uncaught PDOException: SQLSTATE[42000] [1203] User vip_club_admin already has more than 'max_user_connections' active connections in /home/k9n6iup22po9/public_html/VIPCLUBSCENE/vendor/doctrine/dbal/lib/Doctrine/DBAL/Driver/PDOConnection.php:38
Stack trace:
#0 /home/k9n6iup22po9/public_html/VIPCLUBSCENE/vendor/doctrine/dbal/lib/Doctrine/DBAL/Driver/PDOConnection.php(38): PDO->__construct('mysql:host=loca...', 'vip_club_admin', '0c84FLs6GFvD', Array)
#1 /home/k9n6iup22po9/public_html/VIPCLUBSCENE/vendor/laravel/framework/src/Illuminate/Database/Connectors/Connector.php(67): Doctrine\\DBAL\\Driver\\PDOConnection->__construct('mysql:host=loca...', 'vip_club_admin', '0c84FLs6GFvD', Array)
#2 /home/k9n6iup22po9/public_html/VIPCLUBSCENE/vendor/laravel/framework/src/Illuminate/Database/Connectors/Connector.php(46): Illuminate\\Database\\Connectors\\Connector->createPdoConnection('mysql:host=loca...', 'vip_club_admin', '0c84FLs6GFvD', Array)
#3 /home/k9n6iup22po9/public_html/VIPCLUBSCENE/vendor/laravel/framework/src/Illumin at /home/k9n6iup22po9/public_html/VIPCLUBSCENE/vendor/laravel/framework/src/Illuminate/Database/Connection.php:669)
[stacktrace]
#0 {main}
"} 
[2023-05-03 08:47:15] production.ERROR: Uncaught PDOException: SQLSTATE[42000] [1203] User vip_club_admin already has more than 'max_user_connections' active connections in /home/k9n6iup22po9/public_html/VIPCLUBSCENE/vendor/doctrine/dbal/lib/Doctrine/DBAL/Driver/PDOConnection.php:38
Stack trace:
#0 /home/k9n6iup22po9/public_html/VIPCLUBSCENE/vendor/doctrine/dbal/lib/Doctrine/DBAL/Driver/PDOConnection.php(38): PDO->__construct('mysql:host=loca...', 'vip_club_admin', '0c84FLs6GFvD', Array)
#1 /home/k9n6iup22po9/public_html/VIPCLUBSCENE/vendor/laravel/framework/src/Illuminate/Database/Connectors/Connector.php(67): Doctrine\DBAL\Driver\PDOConnection->__construct('mysql:host=loca...', 'vip_club_admin', '0c84FLs6GFvD', Array)
#2 /home/k9n6iup22po9/public_html/VIPCLUBSCENE/vendor/laravel/framework/src/Illuminate/Database/Connectors/Connector.php(46): Illuminate\Database\Connectors\Connector->createPdoConnection('mysql:host=loca...', 'vip_club_admin', '0c84FLs6GFvD', Array)
#3 /home/k9n6iup22po9/public_html/VIPCLUBSCENE/vendor/laravel/framework/src/Illumin {"exception":"[object] (Symfony\\Component\\Debug\\Exception\\FatalErrorException(code: 1): Uncaught PDOException: SQLSTATE[42000] [1203] User vip_club_admin already has more than 'max_user_connections' active connections in /home/k9n6iup22po9/public_html/VIPCLUBSCENE/vendor/doctrine/dbal/lib/Doctrine/DBAL/Driver/PDOConnection.php:38
Stack trace:
#0 /home/k9n6iup22po9/public_html/VIPCLUBSCENE/vendor/doctrine/dbal/lib/Doctrine/DBAL/Driver/PDOConnection.php(38): PDO->__construct('mysql:host=loca...', 'vip_club_admin', '0c84FLs6GFvD', Array)
#1 /home/k9n6iup22po9/public_html/VIPCLUBSCENE/vendor/laravel/framework/src/Illuminate/Database/Connectors/Connector.php(67): Doctrine\\DBAL\\Driver\\PDOConnection->__construct('mysql:host=loca...', 'vip_club_admin', '0c84FLs6GFvD', Array)
#2 /home/k9n6iup22po9/public_html/VIPCLUBSCENE/vendor/laravel/framework/src/Illuminate/Database/Connectors/Connector.php(46): Illuminate\\Database\\Connectors\\Connector->createPdoConnection('mysql:host=loca...', 'vip_club_admin', '0c84FLs6GFvD', Array)
#3 /home/k9n6iup22po9/public_html/VIPCLUBSCENE/vendor/laravel/framework/src/Illumin at /home/k9n6iup22po9/public_html/VIPCLUBSCENE/vendor/laravel/framework/src/Illuminate/Database/Connection.php:669)
[stacktrace]
#0 {main}
"} 
[2023-05-03 08:47:15] production.ERROR: Uncaught PDOException: SQLSTATE[42000] [1203] User vip_club_admin already has more than 'max_user_connections' active connections in /home/k9n6iup22po9/public_html/VIPCLUBSCENE/vendor/doctrine/dbal/lib/Doctrine/DBAL/Driver/PDOConnection.php:38
Stack trace:
#0 /home/k9n6iup22po9/public_html/VIPCLUBSCENE/vendor/doctrine/dbal/lib/Doctrine/DBAL/Driver/PDOConnection.php(38): PDO->__construct('mysql:host=loca...', 'vip_club_admin', '0c84FLs6GFvD', Array)
#1 /home/k9n6iup22po9/public_html/VIPCLUBSCENE/vendor/laravel/framework/src/Illuminate/Database/Connectors/Connector.php(67): Doctrine\DBAL\Driver\PDOConnection->__construct('mysql:host=loca...', 'vip_club_admin', '0c84FLs6GFvD', Array)
#2 /home/k9n6iup22po9/public_html/VIPCLUBSCENE/vendor/laravel/framework/src/Illuminate/Database/Connectors/Connector.php(46): Illuminate\Database\Connectors\Connector->createPdoConnection('mysql:host=loca...', 'vip_club_admin', '0c84FLs6GFvD', Array)
#3 /home/k9n6iup22po9/public_html/VIPCLUBSCENE/vendor/laravel/framework/src/Illumin {"exception":"[object] (Symfony\\Component\\Debug\\Exception\\FatalErrorException(code: 1): Uncaught PDOException: SQLSTATE[42000] [1203] User vip_club_admin already has more than 'max_user_connections' active connections in /home/k9n6iup22po9/public_html/VIPCLUBSCENE/vendor/doctrine/dbal/lib/Doctrine/DBAL/Driver/PDOConnection.php:38
Stack trace:
#0 /home/k9n6iup22po9/public_html/VIPCLUBSCENE/vendor/doctrine/dbal/lib/Doctrine/DBAL/Driver/PDOConnection.php(38): PDO->__construct('mysql:host=loca...', 'vip_club_admin', '0c84FLs6GFvD', Array)
#1 /home/k9n6iup22po9/public_html/VIPCLUBSCENE/vendor/laravel/framework/src/Illuminate/Database/Connectors/Connector.php(67): Doctrine\\DBAL\\Driver\\PDOConnection->__construct('mysql:host=loca...', 'vip_club_admin', '0c84FLs6GFvD', Array)
#2 /home/k9n6iup22po9/public_html/VIPCLUBSCENE/vendor/laravel/framework/src/Illuminate/Database/Connectors/Connector.php(46): Illuminate\\Database\\Connectors\\Connector->createPdoConnection('mysql:host=loca...', 'vip_club_admin', '0c84FLs6GFvD', Array)
#3 /home/k9n6iup22po9/public_html/VIPCLUBSCENE/vendor/laravel/framework/src/Illumin at /home/k9n6iup22po9/public_html/VIPCLUBSCENE/vendor/laravel/framework/src/Illuminate/Database/Connection.php:669)
[stacktrace]
#0 {main}
"} 
[2023-05-03 08:47:15] production.ERROR: Uncaught PDOException: SQLSTATE[42000] [1203] User vip_club_admin already has more than 'max_user_connections' active connections in /home/k9n6iup22po9/public_html/VIPCLUBSCENE/vendor/doctrine/dbal/lib/Doctrine/DBAL/Driver/PDOConnection.php:38
Stack trace:
#0 /home/k9n6iup22po9/public_html/VIPCLUBSCENE/vendor/doctrine/dbal/lib/Doctrine/DBAL/Driver/PDOConnection.php(38): PDO->__construct('mysql:host=loca...', 'vip_club_admin', '0c84FLs6GFvD', Array)
#1 /home/k9n6iup22po9/public_html/VIPCLUBSCENE/vendor/laravel/framework/src/Illuminate/Database/Connectors/Connector.php(67): Doctrine\DBAL\Driver\PDOConnection->__construct('mysql:host=loca...', 'vip_club_admin', '0c84FLs6GFvD', Array)
#2 /home/k9n6iup22po9/public_html/VIPCLUBSCENE/vendor/laravel/framework/src/Illuminate/Database/Connectors/Connector.php(46): Illuminate\Database\Connectors\Connector->createPdoConnection('mysql:host=loca...', 'vip_club_admin', '0c84FLs6GFvD', Array)
#3 /home/k9n6iup22po9/public_html/VIPCLUBSCENE/vendor/laravel/framework/src/Illumin {"exception":"[object] (Symfony\\Component\\Debug\\Exception\\FatalErrorException(code: 1): Uncaught PDOException: SQLSTATE[42000] [1203] User vip_club_admin already has more than 'max_user_connections' active connections in /home/k9n6iup22po9/public_html/VIPCLUBSCENE/vendor/doctrine/dbal/lib/Doctrine/DBAL/Driver/PDOConnection.php:38
Stack trace:
#0 /home/k9n6iup22po9/public_html/VIPCLUBSCENE/vendor/doctrine/dbal/lib/Doctrine/DBAL/Driver/PDOConnection.php(38): PDO->__construct('mysql:host=loca...', 'vip_club_admin', '0c84FLs6GFvD', Array)
#1 /home/k9n6iup22po9/public_html/VIPCLUBSCENE/vendor/laravel/framework/src/Illuminate/Database/Connectors/Connector.php(67): Doctrine\\DBAL\\Driver\\PDOConnection->__construct('mysql:host=loca...', 'vip_club_admin', '0c84FLs6GFvD', Array)
#2 /home/k9n6iup22po9/public_html/VIPCLUBSCENE/vendor/laravel/framework/src/Illuminate/Database/Connectors/Connector.php(46): Illuminate\\Database\\Connectors\\Connector->createPdoConnection('mysql:host=loca...', 'vip_club_admin', '0c84FLs6GFvD', Array)
#3 /home/k9n6iup22po9/public_html/VIPCLUBSCENE/vendor/laravel/framework/src/Illumin at /home/k9n6iup22po9/public_html/VIPCLUBSCENE/vendor/laravel/framework/src/Illuminate/Database/Connection.php:669)
[stacktrace]
#0 {main}
"} 
[2023-05-03 08:47:15] production.ERROR: Uncaught PDOException: SQLSTATE[42000] [1203] User vip_club_admin already has more than 'max_user_connections' active connections in /home/k9n6iup22po9/public_html/VIPCLUBSCENE/vendor/doctrine/dbal/lib/Doctrine/DBAL/Driver/PDOConnection.php:38
Stack trace:
#0 /home/k9n6iup22po9/public_html/VIPCLUBSCENE/vendor/doctrine/dbal/lib/Doctrine/DBAL/Driver/PDOConnection.php(38): PDO->__construct('mysql:host=loca...', 'vip_club_admin', '0c84FLs6GFvD', Array)
#1 /home/k9n6iup22po9/public_html/VIPCLUBSCENE/vendor/laravel/framework/src/Illuminate/Database/Connectors/Connector.php(67): Doctrine\DBAL\Driver\PDOConnection->__construct('mysql:host=loca...', 'vip_club_admin', '0c84FLs6GFvD', Array)
#2 /home/k9n6iup22po9/public_html/VIPCLUBSCENE/vendor/laravel/framework/src/Illuminate/Database/Connectors/Connector.php(46): Illuminate\Database\Connectors\Connector->createPdoConnection('mysql:host=loca...', 'vip_club_admin', '0c84FLs6GFvD', Array)
#3 /home/k9n6iup22po9/public_html/VIPCLUBSCENE/vendor/laravel/framework/src/Illumin {"exception":"[object] (Symfony\\Component\\Debug\\Exception\\FatalErrorException(code: 1): Uncaught PDOException: SQLSTATE[42000] [1203] User vip_club_admin already has more than 'max_user_connections' active connections in /home/k9n6iup22po9/public_html/VIPCLUBSCENE/vendor/doctrine/dbal/lib/Doctrine/DBAL/Driver/PDOConnection.php:38
Stack trace:
#0 /home/k9n6iup22po9/public_html/VIPCLUBSCENE/vendor/doctrine/dbal/lib/Doctrine/DBAL/Driver/PDOConnection.php(38): PDO->__construct('mysql:host=loca...', 'vip_club_admin', '0c84FLs6GFvD', Array)
#1 /home/k9n6iup22po9/public_html/VIPCLUBSCENE/vendor/laravel/framework/src/Illuminate/Database/Connectors/Connector.php(67): Doctrine\\DBAL\\Driver\\PDOConnection->__construct('mysql:host=loca...', 'vip_club_admin', '0c84FLs6GFvD', Array)
#2 /home/k9n6iup22po9/public_html/VIPCLUBSCENE/vendor/laravel/framework/src/Illuminate/Database/Connectors/Connector.php(46): Illuminate\\Database\\Connectors\\Connector->createPdoConnection('mysql:host=loca...', 'vip_club_admin', '0c84FLs6GFvD', Array)
#3 /home/k9n6iup22po9/public_html/VIPCLUBSCENE/vendor/laravel/framework/src/Illumin at /home/k9n6iup22po9/public_html/VIPCLUBSCENE/vendor/laravel/framework/src/Illuminate/Database/Connection.php:669)
[stacktrace]
#0 {main}
"} 
[2023-05-03 08:47:15] production.ERROR: Uncaught PDOException: SQLSTATE[42000] [1203] User vip_club_admin already has more than 'max_user_connections' active connections in /home/k9n6iup22po9/public_html/VIPCLUBSCENE/vendor/doctrine/dbal/lib/Doctrine/DBAL/Driver/PDOConnection.php:38
Stack trace:
#0 /home/k9n6iup22po9/public_html/VIPCLUBSCENE/vendor/doctrine/dbal/lib/Doctrine/DBAL/Driver/PDOConnection.php(38): PDO->__construct('mysql:host=loca...', 'vip_club_admin', '0c84FLs6GFvD', Array)
#1 /home/k9n6iup22po9/public_html/VIPCLUBSCENE/vendor/laravel/framework/src/Illuminate/Database/Connectors/Connector.php(67): Doctrine\DBAL\Driver\PDOConnection->__construct('mysql:host=loca...', 'vip_club_admin', '0c84FLs6GFvD', Array)
#2 /home/k9n6iup22po9/public_html/VIPCLUBSCENE/vendor/laravel/framework/src/Illuminate/Database/Connectors/Connector.php(46): Illuminate\Database\Connectors\Connector->createPdoConnection('mysql:host=loca...', 'vip_club_admin', '0c84FLs6GFvD', Array)
#3 /home/k9n6iup22po9/public_html/VIPCLUBSCENE/vendor/laravel/framework/src/Illumin {"exception":"[object] (Symfony\\Component\\Debug\\Exception\\FatalErrorException(code: 1): Uncaught PDOException: SQLSTATE[42000] [1203] User vip_club_admin already has more than 'max_user_connections' active connections in /home/k9n6iup22po9/public_html/VIPCLUBSCENE/vendor/doctrine/dbal/lib/Doctrine/DBAL/Driver/PDOConnection.php:38
Stack trace:
#0 /home/k9n6iup22po9/public_html/VIPCLUBSCENE/vendor/doctrine/dbal/lib/Doctrine/DBAL/Driver/PDOConnection.php(38): PDO->__construct('mysql:host=loca...', 'vip_club_admin', '0c84FLs6GFvD', Array)
#1 /home/k9n6iup22po9/public_html/VIPCLUBSCENE/vendor/laravel/framework/src/Illuminate/Database/Connectors/Connector.php(67): Doctrine\\DBAL\\Driver\\PDOConnection->__construct('mysql:host=loca...', 'vip_club_admin', '0c84FLs6GFvD', Array)
#2 /home/k9n6iup22po9/public_html/VIPCLUBSCENE/vendor/laravel/framework/src/Illuminate/Database/Connectors/Connector.php(46): Illuminate\\Database\\Connectors\\Connector->createPdoConnection('mysql:host=loca...', 'vip_club_admin', '0c84FLs6GFvD', Array)
#3 /home/k9n6iup22po9/public_html/VIPCLUBSCENE/vendor/laravel/framework/src/Illumin at /home/k9n6iup22po9/public_html/VIPCLUBSCENE/vendor/laravel/framework/src/Illuminate/Database/Connection.php:669)
[stacktrace]
#0 {main}
"} 
[2023-05-03 08:47:15] production.ERROR: Uncaught PDOException: SQLSTATE[42000] [1203] User vip_club_admin already has more than 'max_user_connections' active connections in /home/k9n6iup22po9/public_html/VIPCLUBSCENE/vendor/doctrine/dbal/lib/Doctrine/DBAL/Driver/PDOConnection.php:38
Stack trace:
#0 /home/k9n6iup22po9/public_html/VIPCLUBSCENE/vendor/doctrine/dbal/lib/Doctrine/DBAL/Driver/PDOConnection.php(38): PDO->__construct('mysql:host=loca...', 'vip_club_admin', '0c84FLs6GFvD', Array)
#1 /home/k9n6iup22po9/public_html/VIPCLUBSCENE/vendor/laravel/framework/src/Illuminate/Database/Connectors/Connector.php(67): Doctrine\DBAL\Driver\PDOConnection->__construct('mysql:host=loca...', 'vip_club_admin', '0c84FLs6GFvD', Array)
#2 /home/k9n6iup22po9/public_html/VIPCLUBSCENE/vendor/laravel/framework/src/Illuminate/Database/Connectors/Connector.php(46): Illuminate\Database\Connectors\Connector->createPdoConnection('mysql:host=loca...', 'vip_club_admin', '0c84FLs6GFvD', Array)
#3 /home/k9n6iup22po9/public_html/VIPCLUBSCENE/vendor/laravel/framework/src/Illumin {"exception":"[object] (Symfony\\Component\\Debug\\Exception\\FatalErrorException(code: 1): Uncaught PDOException: SQLSTATE[42000] [1203] User vip_club_admin already has more than 'max_user_connections' active connections in /home/k9n6iup22po9/public_html/VIPCLUBSCENE/vendor/doctrine/dbal/lib/Doctrine/DBAL/Driver/PDOConnection.php:38
Stack trace:
#0 /home/k9n6iup22po9/public_html/VIPCLUBSCENE/vendor/doctrine/dbal/lib/Doctrine/DBAL/Driver/PDOConnection.php(38): PDO->__construct('mysql:host=loca...', 'vip_club_admin', '0c84FLs6GFvD', Array)
#1 /home/k9n6iup22po9/public_html/VIPCLUBSCENE/vendor/laravel/framework/src/Illuminate/Database/Connectors/Connector.php(67): Doctrine\\DBAL\\Driver\\PDOConnection->__construct('mysql:host=loca...', 'vip_club_admin', '0c84FLs6GFvD', Array)
#2 /home/k9n6iup22po9/public_html/VIPCLUBSCENE/vendor/laravel/framework/src/Illuminate/Database/Connectors/Connector.php(46): Illuminate\\Database\\Connectors\\Connector->createPdoConnection('mysql:host=loca...', 'vip_club_admin', '0c84FLs6GFvD', Array)
#3 /home/k9n6iup22po9/public_html/VIPCLUBSCENE/vendor/laravel/framework/src/Illumin at /home/k9n6iup22po9/public_html/VIPCLUBSCENE/vendor/laravel/framework/src/Illuminate/Database/Connection.php:669)
[stacktrace]
#0 {main}
"} 
