[2023-05-09 07:19:43] production.ERROR: Expected response code 220 but got code "421", with message "421 Too many concurrent SMTP connections from this IP address; please try again later.
" {"exception":"[object] (Swift_TransportException(code: 421): Expected response code 220 but got code \"421\", with message \"421 Too many concurrent SMTP connections from this IP address; please try again later.
\" at /home/k9n6iup22po9/public_html/VIPCLUBSCENE/vendor/swiftmailer/swiftmailer/lib/classes/Swift/Transport/AbstractSmtpTransport.php:457)
[stacktrace]
#0 /home/k9n6iup22po9/public_html/VIPCLUBSCENE/vendor/swiftmailer/swiftmailer/lib/classes/Swift/Transport/AbstractSmtpTransport.php(358): Swift_Transport_AbstractSmtpTransport->assertResponseCode('421 Too many co...', Array)
#1 /home/k9n6iup22po9/public_html/VIPCLUBSCENE/vendor/swiftmailer/swiftmailer/lib/classes/Swift/Transport/AbstractSmtpTransport.php(147): Swift_Transport_AbstractSmtpTransport->readGreeting()
#2 /home/k9n6iup22po9/public_html/VIPCLUBSCENE/vendor/swiftmailer/swiftmailer/lib/classes/Swift/Mailer.php(65): Swift_Transport_AbstractSmtpTransport->start()
#3 /home/k9n6iup22po9/public_html/VIPCLUBSCENE/vendor/laravel/framework/src/Illuminate/Mail/Mailer.php(488): Swift_Mailer->send(Object(Swift_Message), Array)
#4 /home/k9n6iup22po9/public_html/VIPCLUBSCENE/vendor/laravel/framework/src/Illuminate/Mail/Mailer.php(261): Illuminate\\Mail\\Mailer->sendSwiftMessage(Object(Swift_Message))
#5 /home/k9n6iup22po9/public_html/VIPCLUBSCENE/vendor/laravel/framework/src/Illuminate/Notifications/Channels/MailChannel.php(65): Illuminate\\Mail\\Mailer->send(Object(Illuminate\\Support\\HtmlString), Array, Object(Closure))
#6 /home/k9n6iup22po9/public_html/VIPCLUBSCENE/vendor/laravel/framework/src/Illuminate/Notifications/NotificationSender.php(148): Illuminate\\Notifications\\Channels\\MailChannel->send(Object(App\\User), Object(Illuminate\\Auth\\Notifications\\ResetPassword))
#7 /home/k9n6iup22po9/public_html/VIPCLUBSCENE/vendor/laravel/framework/src/Illuminate/Notifications/NotificationSender.php(106): Illuminate\\Notifications\\NotificationSender->sendToNotifiable(Object(App\\User), '104ca85d-195a-4...', Object(Illuminate\\Auth\\Notifications\\ResetPassword), 'mail')
#8 /home/k9n6iup22po9/public_html/VIPCLUBSCENE/vendor/laravel/framework/src/Illuminate/Support/Traits/Localizable.php(19): Illuminate\\Notifications\\NotificationSender->Illuminate\\Notifications\\{closure}()
#9 /home/k9n6iup22po9/public_html/VIPCLUBSCENE/vendor/laravel/framework/src/Illuminate/Notifications/NotificationSender.php(109): Illuminate\\Notifications\\NotificationSender->withLocale(NULL, Object(Closure))
#10 /home/k9n6iup22po9/public_html/VIPCLUBSCENE/vendor/laravel/framework/src/Illuminate/Notifications/NotificationSender.php(79): Illuminate\\Notifications\\NotificationSender->sendNow(Object(Illuminate\\Database\\Eloquent\\Collection), Object(Illuminate\\Auth\\Notifications\\ResetPassword))
#11 /home/k9n6iup22po9/public_html/VIPCLUBSCENE/vendor/laravel/framework/src/Illuminate/Notifications/ChannelManager.php(39): Illuminate\\Notifications\\NotificationSender->send(Object(Illuminate\\Database\\Eloquent\\Collection), Object(Illuminate\\Auth\\Notifications\\ResetPassword))
#12 /home/k9n6iup22po9/public_html/VIPCLUBSCENE/vendor/laravel/framework/src/Illuminate/Notifications/RoutesNotifications.php(18): Illuminate\\Notifications\\ChannelManager->send(Object(App\\User), Object(Illuminate\\Auth\\Notifications\\ResetPassword))
#13 /home/k9n6iup22po9/public_html/VIPCLUBSCENE/vendor/laravel/framework/src/Illuminate/Auth/Passwords/CanResetPassword.php(27): App\\User->notify(Object(Illuminate\\Auth\\Notifications\\ResetPassword))
#14 /home/k9n6iup22po9/public_html/VIPCLUBSCENE/vendor/laravel/framework/src/Illuminate/Auth/Passwords/PasswordBroker.php(67): Illuminate\\Foundation\\Auth\\User->sendPasswordResetNotification('2721aa67d402c09...')
#15 /home/k9n6iup22po9/public_html/VIPCLUBSCENE/vendor/laravel/framework/src/Illuminate/Foundation/Auth/SendsPasswordResetEmails.php(34): Illuminate\\Auth\\Passwords\\PasswordBroker->sendResetLink(Array)
#16 /home/k9n6iup22po9/public_html/VIPCLUBSCENE/vendor/laravel/framework/src/Illuminate/Routing/Controller.php(54): App\\Http\\Controllers\\Auth\\ForgotPasswordController->sendResetLinkEmail(Object(Illuminate\\Http\\Request))
#17 /home/k9n6iup22po9/public_html/VIPCLUBSCENE/vendor/laravel/framework/src/Illuminate/Routing/ControllerDispatcher.php(45): Illuminate\\Routing\\Controller->callAction('sendResetLinkEm...', Array)
#18 /home/k9n6iup22po9/public_html/VIPCLUBSCENE/vendor/laravel/framework/src/Illuminate/Routing/Route.php(219): Illuminate\\Routing\\ControllerDispatcher->dispatch(Object(Illuminate\\Routing\\Route), Object(App\\Http\\Controllers\\Auth\\ForgotPasswordController), 'sendResetLinkEm...')
#19 /home/k9n6iup22po9/public_html/VIPCLUBSCENE/vendor/laravel/framework/src/Illuminate/Routing/Route.php(176): Illuminate\\Routing\\Route->runController()
#20 /home/k9n6iup22po9/public_html/VIPCLUBSCENE/vendor/laravel/framework/src/Illuminate/Routing/Router.php(686): Illuminate\\Routing\\Route->run()
#21 /home/k9n6iup22po9/public_html/VIPCLUBSCENE/vendor/laravel/framework/src/Illuminate/Pipeline/Pipeline.php(130): Illuminate\\Routing\\Router->Illuminate\\Routing\\{closure}(Object(Illuminate\\Http\\Request))
#22 /home/k9n6iup22po9/public_html/VIPCLUBSCENE/app/Http/Middleware/RedirectIfAuthenticated.php(24): Illuminate\\Pipeline\\Pipeline->Illuminate\\Pipeline\\{closure}(Object(Illuminate\\Http\\Request))
#23 /home/k9n6iup22po9/public_html/VIPCLUBSCENE/vendor/laravel/framework/src/Illuminate/Pipeline/Pipeline.php(171): App\\Http\\Middleware\\RedirectIfAuthenticated->handle(Object(Illuminate\\Http\\Request), Object(Closure))
#24 /home/k9n6iup22po9/public_html/VIPCLUBSCENE/app/Http/Middleware/UserLastAuthMiddleware.php(59): Illuminate\\Pipeline\\Pipeline->Illuminate\\Pipeline\\{closure}(Object(Illuminate\\Http\\Request))
#25 /home/k9n6iup22po9/public_html/VIPCLUBSCENE/vendor/laravel/framework/src/Illuminate/Pipeline/Pipeline.php(171): App\\Http\\Middleware\\UserLastAuthMiddleware->handle(Object(Illuminate\\Http\\Request), Object(Closure))
#26 /home/k9n6iup22po9/public_html/VIPCLUBSCENE/vendor/uxweb/sweet-alert/src/SweetAlert/ConvertMessagesIntoSweetAlert.php(49): Illuminate\\Pipeline\\Pipeline->Illuminate\\Pipeline\\{closure}(Object(Illuminate\\Http\\Request))
#27 /home/k9n6iup22po9/public_html/VIPCLUBSCENE/vendor/laravel/framework/src/Illuminate/Pipeline/Pipeline.php(171): UxWeb\\SweetAlert\\ConvertMessagesIntoSweetAlert->handle(Object(Illuminate\\Http\\Request), Object(Closure))
#28 /home/k9n6iup22po9/public_html/VIPCLUBSCENE/vendor/laravel/framework/src/Illuminate/Routing/Middleware/SubstituteBindings.php(41): Illuminate\\Pipeline\\Pipeline->Illuminate\\Pipeline\\{closure}(Object(Illuminate\\Http\\Request))
#29 /home/k9n6iup22po9/public_html/VIPCLUBSCENE/vendor/laravel/framework/src/Illuminate/Pipeline/Pipeline.php(171): Illuminate\\Routing\\Middleware\\SubstituteBindings->handle(Object(Illuminate\\Http\\Request), Object(Closure))
#30 /home/k9n6iup22po9/public_html/VIPCLUBSCENE/vendor/laravel/framework/src/Illuminate/Foundation/Http/Middleware/VerifyCsrfToken.php(77): Illuminate\\Pipeline\\Pipeline->Illuminate\\Pipeline\\{closure}(Object(Illuminate\\Http\\Request))
#31 /home/k9n6iup22po9/public_html/VIPCLUBSCENE/vendor/laravel/framework/src/Illuminate/Pipeline/Pipeline.php(171): Illuminate\\Foundation\\Http\\Middleware\\VerifyCsrfToken->handle(Object(Illuminate\\Http\\Request), Object(Closure))
#32 /home/k9n6iup22po9/public_html/VIPCLUBSCENE/vendor/laravel/framework/src/Illuminate/View/Middleware/ShareErrorsFromSession.php(49): Illuminate\\Pipeline\\Pipeline->Illuminate\\Pipeline\\{closure}(Object(Illuminate\\Http\\Request))
#33 /home/k9n6iup22po9/public_html/VIPCLUBSCENE/vendor/laravel/framework/src/Illuminate/Pipeline/Pipeline.php(171): Illuminate\\View\\Middleware\\ShareErrorsFromSession->handle(Object(Illuminate\\Http\\Request), Object(Closure))
#34 /home/k9n6iup22po9/public_html/VIPCLUBSCENE/vendor/laravel/framework/src/Illuminate/Session/Middleware/StartSession.php(56): Illuminate\\Pipeline\\Pipeline->Illuminate\\Pipeline\\{closure}(Object(Illuminate\\Http\\Request))
#35 /home/k9n6iup22po9/public_html/VIPCLUBSCENE/vendor/laravel/framework/src/Illuminate/Pipeline/Pipeline.php(171): Illuminate\\Session\\Middleware\\StartSession->handle(Object(Illuminate\\Http\\Request), Object(Closure))
#36 /home/k9n6iup22po9/public_html/VIPCLUBSCENE/vendor/laravel/framework/src/Illuminate/Cookie/Middleware/AddQueuedCookiesToResponse.php(37): Illuminate\\Pipeline\\Pipeline->Illuminate\\Pipeline\\{closure}(Object(Illuminate\\Http\\Request))
#37 /home/k9n6iup22po9/public_html/VIPCLUBSCENE/vendor/laravel/framework/src/Illuminate/Pipeline/Pipeline.php(171): Illuminate\\Cookie\\Middleware\\AddQueuedCookiesToResponse->handle(Object(Illuminate\\Http\\Request), Object(Closure))
#38 /home/k9n6iup22po9/public_html/VIPCLUBSCENE/vendor/laravel/framework/src/Illuminate/Cookie/Middleware/EncryptCookies.php(67): Illuminate\\Pipeline\\Pipeline->Illuminate\\Pipeline\\{closure}(Object(Illuminate\\Http\\Request))
#39 /home/k9n6iup22po9/public_html/VIPCLUBSCENE/vendor/laravel/framework/src/Illuminate/Pipeline/Pipeline.php(171): Illuminate\\Cookie\\Middleware\\EncryptCookies->handle(Object(Illuminate\\Http\\Request), Object(Closure))
#40 /home/k9n6iup22po9/public_html/VIPCLUBSCENE/vendor/laravel/framework/src/Illuminate/Pipeline/Pipeline.php(105): Illuminate\\Pipeline\\Pipeline->Illuminate\\Pipeline\\{closure}(Object(Illuminate\\Http\\Request))
#41 /home/k9n6iup22po9/public_html/VIPCLUBSCENE/vendor/laravel/framework/src/Illuminate/Routing/Router.php(688): Illuminate\\Pipeline\\Pipeline->then(Object(Closure))
#42 /home/k9n6iup22po9/public_html/VIPCLUBSCENE/vendor/laravel/framework/src/Illuminate/Routing/Router.php(663): Illuminate\\Routing\\Router->runRouteWithinStack(Object(Illuminate\\Routing\\Route), Object(Illuminate\\Http\\Request))
#43 /home/k9n6iup22po9/public_html/VIPCLUBSCENE/vendor/laravel/framework/src/Illuminate/Routing/Router.php(629): Illuminate\\Routing\\Router->runRoute(Object(Illuminate\\Http\\Request), Object(Illuminate\\Routing\\Route))
#44 /home/k9n6iup22po9/public_html/VIPCLUBSCENE/vendor/laravel/framework/src/Illuminate/Routing/Router.php(618): Illuminate\\Routing\\Router->dispatchToRoute(Object(Illuminate\\Http\\Request))
#45 /home/k9n6iup22po9/public_html/VIPCLUBSCENE/vendor/laravel/framework/src/Illuminate/Foundation/Http/Kernel.php(172): Illuminate\\Routing\\Router->dispatch(Object(Illuminate\\Http\\Request))
#46 /home/k9n6iup22po9/public_html/VIPCLUBSCENE/vendor/laravel/framework/src/Illuminate/Pipeline/Pipeline.php(130): Illuminate\\Foundation\\Http\\Kernel->Illuminate\\Foundation\\Http\\{closure}(Object(Illuminate\\Http\\Request))
#47 /home/k9n6iup22po9/public_html/VIPCLUBSCENE/vendor/fideloper/proxy/src/TrustProxies.php(57): Illuminate\\Pipeline\\Pipeline->Illuminate\\Pipeline\\{closure}(Object(Illuminate\\Http\\Request))
#48 /home/k9n6iup22po9/public_html/VIPCLUBSCENE/vendor/laravel/framework/src/Illuminate/Pipeline/Pipeline.php(171): Fideloper\\Proxy\\TrustProxies->handle(Object(Illuminate\\Http\\Request), Object(Closure))
#49 /home/k9n6iup22po9/public_html/VIPCLUBSCENE/vendor/laravel/framework/src/Illuminate/Foundation/Http/Middleware/TransformsRequest.php(21): Illuminate\\Pipeline\\Pipeline->Illuminate\\Pipeline\\{closure}(Object(Illuminate\\Http\\Request))
#50 /home/k9n6iup22po9/public_html/VIPCLUBSCENE/vendor/laravel/framework/src/Illuminate/Pipeline/Pipeline.php(171): Illuminate\\Foundation\\Http\\Middleware\\TransformsRequest->handle(Object(Illuminate\\Http\\Request), Object(Closure))
#51 /home/k9n6iup22po9/public_html/VIPCLUBSCENE/vendor/laravel/framework/src/Illuminate/Foundation/Http/Middleware/TransformsRequest.php(21): Illuminate\\Pipeline\\Pipeline->Illuminate\\Pipeline\\{closure}(Object(Illuminate\\Http\\Request))
#52 /home/k9n6iup22po9/public_html/VIPCLUBSCENE/vendor/laravel/framework/src/Illuminate/Pipeline/Pipeline.php(171): Illuminate\\Foundation\\Http\\Middleware\\TransformsRequest->handle(Object(Illuminate\\Http\\Request), Object(Closure))
#53 /home/k9n6iup22po9/public_html/VIPCLUBSCENE/vendor/laravel/framework/src/Illuminate/Foundation/Http/Middleware/ValidatePostSize.php(27): Illuminate\\Pipeline\\Pipeline->Illuminate\\Pipeline\\{closure}(Object(Illuminate\\Http\\Request))
#54 /home/k9n6iup22po9/public_html/VIPCLUBSCENE/vendor/laravel/framework/src/Illuminate/Pipeline/Pipeline.php(171): Illuminate\\Foundation\\Http\\Middleware\\ValidatePostSize->handle(Object(Illuminate\\Http\\Request), Object(Closure))
#55 /home/k9n6iup22po9/public_html/VIPCLUBSCENE/vendor/laravel/framework/src/Illuminate/Foundation/Http/Middleware/CheckForMaintenanceMode.php(63): Illuminate\\Pipeline\\Pipeline->Illuminate\\Pipeline\\{closure}(Object(Illuminate\\Http\\Request))
#56 /home/k9n6iup22po9/public_html/VIPCLUBSCENE/vendor/laravel/framework/src/Illuminate/Pipeline/Pipeline.php(171): Illuminate\\Foundation\\Http\\Middleware\\CheckForMaintenanceMode->handle(Object(Illuminate\\Http\\Request), Object(Closure))
#57 /home/k9n6iup22po9/public_html/VIPCLUBSCENE/vendor/laravel/framework/src/Illuminate/Pipeline/Pipeline.php(105): Illuminate\\Pipeline\\Pipeline->Illuminate\\Pipeline\\{closure}(Object(Illuminate\\Http\\Request))
#58 /home/k9n6iup22po9/public_html/VIPCLUBSCENE/vendor/laravel/framework/src/Illuminate/Foundation/Http/Kernel.php(147): Illuminate\\Pipeline\\Pipeline->then(Object(Closure))
#59 /home/k9n6iup22po9/public_html/VIPCLUBSCENE/vendor/laravel/framework/src/Illuminate/Foundation/Http/Kernel.php(112): Illuminate\\Foundation\\Http\\Kernel->sendRequestThroughRouter(Object(Illuminate\\Http\\Request))
#60 /home/k9n6iup22po9/public_html/VIPCLUBSCENE/index.php(52): Illuminate\\Foundation\\Http\\Kernel->handle(Object(Illuminate\\Http\\Request))
#61 {main}
"} 
[2023-05-09 07:19:50] production.ERROR: Failed to authenticate on SMTP server with username "support@vipclubscene.com" using 2 possible authenticators. Authenticator LOGIN returned Expected response code 235 but got code "535", with message "535 Incorrect authentication data
". Authenticator PLAIN returned Expected response code 235 but got code "535", with message "535 Incorrect authentication data
". {"exception":"[object] (Swift_TransportException(code: 0): Failed to authenticate on SMTP server with username \"support@vipclubscene.com\" using 2 possible authenticators. Authenticator LOGIN returned Expected response code 235 but got code \"535\", with message \"535 Incorrect authentication data
\". Authenticator PLAIN returned Expected response code 235 but got code \"535\", with message \"535 Incorrect authentication data
\". at /home/k9n6iup22po9/public_html/VIPCLUBSCENE/vendor/swiftmailer/swiftmailer/lib/classes/Swift/Transport/Esmtp/AuthHandler.php:191)
[stacktrace]
#0 /home/k9n6iup22po9/public_html/VIPCLUBSCENE/vendor/swiftmailer/swiftmailer/lib/classes/Swift/Transport/EsmtpTransport.php(371): Swift_Transport_Esmtp_AuthHandler->afterEhlo(Object(Swift_SmtpTransport))
#1 /home/k9n6iup22po9/public_html/VIPCLUBSCENE/vendor/swiftmailer/swiftmailer/lib/classes/Swift/Transport/AbstractSmtpTransport.php(148): Swift_Transport_EsmtpTransport->doHeloCommand()
#2 /home/k9n6iup22po9/public_html/VIPCLUBSCENE/vendor/swiftmailer/swiftmailer/lib/classes/Swift/Mailer.php(65): Swift_Transport_AbstractSmtpTransport->start()
#3 /home/k9n6iup22po9/public_html/VIPCLUBSCENE/vendor/laravel/framework/src/Illuminate/Mail/Mailer.php(488): Swift_Mailer->send(Object(Swift_Message), Array)
#4 /home/k9n6iup22po9/public_html/VIPCLUBSCENE/vendor/laravel/framework/src/Illuminate/Mail/Mailer.php(261): Illuminate\\Mail\\Mailer->sendSwiftMessage(Object(Swift_Message))
#5 /home/k9n6iup22po9/public_html/VIPCLUBSCENE/vendor/laravel/framework/src/Illuminate/Notifications/Channels/MailChannel.php(65): Illuminate\\Mail\\Mailer->send(Object(Illuminate\\Support\\HtmlString), Array, Object(Closure))
#6 /home/k9n6iup22po9/public_html/VIPCLUBSCENE/vendor/laravel/framework/src/Illuminate/Notifications/NotificationSender.php(148): Illuminate\\Notifications\\Channels\\MailChannel->send(Object(App\\User), Object(Illuminate\\Auth\\Notifications\\ResetPassword))
#7 /home/k9n6iup22po9/public_html/VIPCLUBSCENE/vendor/laravel/framework/src/Illuminate/Notifications/NotificationSender.php(106): Illuminate\\Notifications\\NotificationSender->sendToNotifiable(Object(App\\User), 'd27b8fe6-b4ee-4...', Object(Illuminate\\Auth\\Notifications\\ResetPassword), 'mail')
#8 /home/k9n6iup22po9/public_html/VIPCLUBSCENE/vendor/laravel/framework/src/Illuminate/Support/Traits/Localizable.php(19): Illuminate\\Notifications\\NotificationSender->Illuminate\\Notifications\\{closure}()
#9 /home/k9n6iup22po9/public_html/VIPCLUBSCENE/vendor/laravel/framework/src/Illuminate/Notifications/NotificationSender.php(109): Illuminate\\Notifications\\NotificationSender->withLocale(NULL, Object(Closure))
#10 /home/k9n6iup22po9/public_html/VIPCLUBSCENE/vendor/laravel/framework/src/Illuminate/Notifications/NotificationSender.php(79): Illuminate\\Notifications\\NotificationSender->sendNow(Object(Illuminate\\Database\\Eloquent\\Collection), Object(Illuminate\\Auth\\Notifications\\ResetPassword))
#11 /home/k9n6iup22po9/public_html/VIPCLUBSCENE/vendor/laravel/framework/src/Illuminate/Notifications/ChannelManager.php(39): Illuminate\\Notifications\\NotificationSender->send(Object(Illuminate\\Database\\Eloquent\\Collection), Object(Illuminate\\Auth\\Notifications\\ResetPassword))
#12 /home/k9n6iup22po9/public_html/VIPCLUBSCENE/vendor/laravel/framework/src/Illuminate/Notifications/RoutesNotifications.php(18): Illuminate\\Notifications\\ChannelManager->send(Object(App\\User), Object(Illuminate\\Auth\\Notifications\\ResetPassword))
#13 /home/k9n6iup22po9/public_html/VIPCLUBSCENE/vendor/laravel/framework/src/Illuminate/Auth/Passwords/CanResetPassword.php(27): App\\User->notify(Object(Illuminate\\Auth\\Notifications\\ResetPassword))
#14 /home/k9n6iup22po9/public_html/VIPCLUBSCENE/vendor/laravel/framework/src/Illuminate/Auth/Passwords/PasswordBroker.php(67): Illuminate\\Foundation\\Auth\\User->sendPasswordResetNotification('d510641e729b380...')
#15 /home/k9n6iup22po9/public_html/VIPCLUBSCENE/vendor/laravel/framework/src/Illuminate/Foundation/Auth/SendsPasswordResetEmails.php(34): Illuminate\\Auth\\Passwords\\PasswordBroker->sendResetLink(Array)
#16 /home/k9n6iup22po9/public_html/VIPCLUBSCENE/vendor/laravel/framework/src/Illuminate/Routing/Controller.php(54): App\\Http\\Controllers\\Auth\\ForgotPasswordController->sendResetLinkEmail(Object(Illuminate\\Http\\Request))
#17 /home/k9n6iup22po9/public_html/VIPCLUBSCENE/vendor/laravel/framework/src/Illuminate/Routing/ControllerDispatcher.php(45): Illuminate\\Routing\\Controller->callAction('sendResetLinkEm...', Array)
#18 /home/k9n6iup22po9/public_html/VIPCLUBSCENE/vendor/laravel/framework/src/Illuminate/Routing/Route.php(219): Illuminate\\Routing\\ControllerDispatcher->dispatch(Object(Illuminate\\Routing\\Route), Object(App\\Http\\Controllers\\Auth\\ForgotPasswordController), 'sendResetLinkEm...')
#19 /home/k9n6iup22po9/public_html/VIPCLUBSCENE/vendor/laravel/framework/src/Illuminate/Routing/Route.php(176): Illuminate\\Routing\\Route->runController()
#20 /home/k9n6iup22po9/public_html/VIPCLUBSCENE/vendor/laravel/framework/src/Illuminate/Routing/Router.php(686): Illuminate\\Routing\\Route->run()
#21 /home/k9n6iup22po9/public_html/VIPCLUBSCENE/vendor/laravel/framework/src/Illuminate/Pipeline/Pipeline.php(130): Illuminate\\Routing\\Router->Illuminate\\Routing\\{closure}(Object(Illuminate\\Http\\Request))
#22 /home/k9n6iup22po9/public_html/VIPCLUBSCENE/app/Http/Middleware/RedirectIfAuthenticated.php(24): Illuminate\\Pipeline\\Pipeline->Illuminate\\Pipeline\\{closure}(Object(Illuminate\\Http\\Request))
#23 /home/k9n6iup22po9/public_html/VIPCLUBSCENE/vendor/laravel/framework/src/Illuminate/Pipeline/Pipeline.php(171): App\\Http\\Middleware\\RedirectIfAuthenticated->handle(Object(Illuminate\\Http\\Request), Object(Closure))
#24 /home/k9n6iup22po9/public_html/VIPCLUBSCENE/app/Http/Middleware/UserLastAuthMiddleware.php(59): Illuminate\\Pipeline\\Pipeline->Illuminate\\Pipeline\\{closure}(Object(Illuminate\\Http\\Request))
#25 /home/k9n6iup22po9/public_html/VIPCLUBSCENE/vendor/laravel/framework/src/Illuminate/Pipeline/Pipeline.php(171): App\\Http\\Middleware\\UserLastAuthMiddleware->handle(Object(Illuminate\\Http\\Request), Object(Closure))
#26 /home/k9n6iup22po9/public_html/VIPCLUBSCENE/vendor/uxweb/sweet-alert/src/SweetAlert/ConvertMessagesIntoSweetAlert.php(49): Illuminate\\Pipeline\\Pipeline->Illuminate\\Pipeline\\{closure}(Object(Illuminate\\Http\\Request))
#27 /home/k9n6iup22po9/public_html/VIPCLUBSCENE/vendor/laravel/framework/src/Illuminate/Pipeline/Pipeline.php(171): UxWeb\\SweetAlert\\ConvertMessagesIntoSweetAlert->handle(Object(Illuminate\\Http\\Request), Object(Closure))
#28 /home/k9n6iup22po9/public_html/VIPCLUBSCENE/vendor/laravel/framework/src/Illuminate/Routing/Middleware/SubstituteBindings.php(41): Illuminate\\Pipeline\\Pipeline->Illuminate\\Pipeline\\{closure}(Object(Illuminate\\Http\\Request))
#29 /home/k9n6iup22po9/public_html/VIPCLUBSCENE/vendor/laravel/framework/src/Illuminate/Pipeline/Pipeline.php(171): Illuminate\\Routing\\Middleware\\SubstituteBindings->handle(Object(Illuminate\\Http\\Request), Object(Closure))
#30 /home/k9n6iup22po9/public_html/VIPCLUBSCENE/vendor/laravel/framework/src/Illuminate/Foundation/Http/Middleware/VerifyCsrfToken.php(77): Illuminate\\Pipeline\\Pipeline->Illuminate\\Pipeline\\{closure}(Object(Illuminate\\Http\\Request))
#31 /home/k9n6iup22po9/public_html/VIPCLUBSCENE/vendor/laravel/framework/src/Illuminate/Pipeline/Pipeline.php(171): Illuminate\\Foundation\\Http\\Middleware\\VerifyCsrfToken->handle(Object(Illuminate\\Http\\Request), Object(Closure))
#32 /home/k9n6iup22po9/public_html/VIPCLUBSCENE/vendor/laravel/framework/src/Illuminate/View/Middleware/ShareErrorsFromSession.php(49): Illuminate\\Pipeline\\Pipeline->Illuminate\\Pipeline\\{closure}(Object(Illuminate\\Http\\Request))
#33 /home/k9n6iup22po9/public_html/VIPCLUBSCENE/vendor/laravel/framework/src/Illuminate/Pipeline/Pipeline.php(171): Illuminate\\View\\Middleware\\ShareErrorsFromSession->handle(Object(Illuminate\\Http\\Request), Object(Closure))
#34 /home/k9n6iup22po9/public_html/VIPCLUBSCENE/vendor/laravel/framework/src/Illuminate/Session/Middleware/StartSession.php(56): Illuminate\\Pipeline\\Pipeline->Illuminate\\Pipeline\\{closure}(Object(Illuminate\\Http\\Request))
#35 /home/k9n6iup22po9/public_html/VIPCLUBSCENE/vendor/laravel/framework/src/Illuminate/Pipeline/Pipeline.php(171): Illuminate\\Session\\Middleware\\StartSession->handle(Object(Illuminate\\Http\\Request), Object(Closure))
#36 /home/k9n6iup22po9/public_html/VIPCLUBSCENE/vendor/laravel/framework/src/Illuminate/Cookie/Middleware/AddQueuedCookiesToResponse.php(37): Illuminate\\Pipeline\\Pipeline->Illuminate\\Pipeline\\{closure}(Object(Illuminate\\Http\\Request))
#37 /home/k9n6iup22po9/public_html/VIPCLUBSCENE/vendor/laravel/framework/src/Illuminate/Pipeline/Pipeline.php(171): Illuminate\\Cookie\\Middleware\\AddQueuedCookiesToResponse->handle(Object(Illuminate\\Http\\Request), Object(Closure))
#38 /home/k9n6iup22po9/public_html/VIPCLUBSCENE/vendor/laravel/framework/src/Illuminate/Cookie/Middleware/EncryptCookies.php(67): Illuminate\\Pipeline\\Pipeline->Illuminate\\Pipeline\\{closure}(Object(Illuminate\\Http\\Request))
#39 /home/k9n6iup22po9/public_html/VIPCLUBSCENE/vendor/laravel/framework/src/Illuminate/Pipeline/Pipeline.php(171): Illuminate\\Cookie\\Middleware\\EncryptCookies->handle(Object(Illuminate\\Http\\Request), Object(Closure))
#40 /home/k9n6iup22po9/public_html/VIPCLUBSCENE/vendor/laravel/framework/src/Illuminate/Pipeline/Pipeline.php(105): Illuminate\\Pipeline\\Pipeline->Illuminate\\Pipeline\\{closure}(Object(Illuminate\\Http\\Request))
#41 /home/k9n6iup22po9/public_html/VIPCLUBSCENE/vendor/laravel/framework/src/Illuminate/Routing/Router.php(688): Illuminate\\Pipeline\\Pipeline->then(Object(Closure))
#42 /home/k9n6iup22po9/public_html/VIPCLUBSCENE/vendor/laravel/framework/src/Illuminate/Routing/Router.php(663): Illuminate\\Routing\\Router->runRouteWithinStack(Object(Illuminate\\Routing\\Route), Object(Illuminate\\Http\\Request))
#43 /home/k9n6iup22po9/public_html/VIPCLUBSCENE/vendor/laravel/framework/src/Illuminate/Routing/Router.php(629): Illuminate\\Routing\\Router->runRoute(Object(Illuminate\\Http\\Request), Object(Illuminate\\Routing\\Route))
#44 /home/k9n6iup22po9/public_html/VIPCLUBSCENE/vendor/laravel/framework/src/Illuminate/Routing/Router.php(618): Illuminate\\Routing\\Router->dispatchToRoute(Object(Illuminate\\Http\\Request))
#45 /home/k9n6iup22po9/public_html/VIPCLUBSCENE/vendor/laravel/framework/src/Illuminate/Foundation/Http/Kernel.php(172): Illuminate\\Routing\\Router->dispatch(Object(Illuminate\\Http\\Request))
#46 /home/k9n6iup22po9/public_html/VIPCLUBSCENE/vendor/laravel/framework/src/Illuminate/Pipeline/Pipeline.php(130): Illuminate\\Foundation\\Http\\Kernel->Illuminate\\Foundation\\Http\\{closure}(Object(Illuminate\\Http\\Request))
#47 /home/k9n6iup22po9/public_html/VIPCLUBSCENE/vendor/fideloper/proxy/src/TrustProxies.php(57): Illuminate\\Pipeline\\Pipeline->Illuminate\\Pipeline\\{closure}(Object(Illuminate\\Http\\Request))
#48 /home/k9n6iup22po9/public_html/VIPCLUBSCENE/vendor/laravel/framework/src/Illuminate/Pipeline/Pipeline.php(171): Fideloper\\Proxy\\TrustProxies->handle(Object(Illuminate\\Http\\Request), Object(Closure))
#49 /home/k9n6iup22po9/public_html/VIPCLUBSCENE/vendor/laravel/framework/src/Illuminate/Foundation/Http/Middleware/TransformsRequest.php(21): Illuminate\\Pipeline\\Pipeline->Illuminate\\Pipeline\\{closure}(Object(Illuminate\\Http\\Request))
#50 /home/k9n6iup22po9/public_html/VIPCLUBSCENE/vendor/laravel/framework/src/Illuminate/Pipeline/Pipeline.php(171): Illuminate\\Foundation\\Http\\Middleware\\TransformsRequest->handle(Object(Illuminate\\Http\\Request), Object(Closure))
#51 /home/k9n6iup22po9/public_html/VIPCLUBSCENE/vendor/laravel/framework/src/Illuminate/Foundation/Http/Middleware/TransformsRequest.php(21): Illuminate\\Pipeline\\Pipeline->Illuminate\\Pipeline\\{closure}(Object(Illuminate\\Http\\Request))
#52 /home/k9n6iup22po9/public_html/VIPCLUBSCENE/vendor/laravel/framework/src/Illuminate/Pipeline/Pipeline.php(171): Illuminate\\Foundation\\Http\\Middleware\\TransformsRequest->handle(Object(Illuminate\\Http\\Request), Object(Closure))
#53 /home/k9n6iup22po9/public_html/VIPCLUBSCENE/vendor/laravel/framework/src/Illuminate/Foundation/Http/Middleware/ValidatePostSize.php(27): Illuminate\\Pipeline\\Pipeline->Illuminate\\Pipeline\\{closure}(Object(Illuminate\\Http\\Request))
#54 /home/k9n6iup22po9/public_html/VIPCLUBSCENE/vendor/laravel/framework/src/Illuminate/Pipeline/Pipeline.php(171): Illuminate\\Foundation\\Http\\Middleware\\ValidatePostSize->handle(Object(Illuminate\\Http\\Request), Object(Closure))
#55 /home/k9n6iup22po9/public_html/VIPCLUBSCENE/vendor/laravel/framework/src/Illuminate/Foundation/Http/Middleware/CheckForMaintenanceMode.php(63): Illuminate\\Pipeline\\Pipeline->Illuminate\\Pipeline\\{closure}(Object(Illuminate\\Http\\Request))
#56 /home/k9n6iup22po9/public_html/VIPCLUBSCENE/vendor/laravel/framework/src/Illuminate/Pipeline/Pipeline.php(171): Illuminate\\Foundation\\Http\\Middleware\\CheckForMaintenanceMode->handle(Object(Illuminate\\Http\\Request), Object(Closure))
#57 /home/k9n6iup22po9/public_html/VIPCLUBSCENE/vendor/laravel/framework/src/Illuminate/Pipeline/Pipeline.php(105): Illuminate\\Pipeline\\Pipeline->Illuminate\\Pipeline\\{closure}(Object(Illuminate\\Http\\Request))
#58 /home/k9n6iup22po9/public_html/VIPCLUBSCENE/vendor/laravel/framework/src/Illuminate/Foundation/Http/Kernel.php(147): Illuminate\\Pipeline\\Pipeline->then(Object(Closure))
#59 /home/k9n6iup22po9/public_html/VIPCLUBSCENE/vendor/laravel/framework/src/Illuminate/Foundation/Http/Kernel.php(112): Illuminate\\Foundation\\Http\\Kernel->sendRequestThroughRouter(Object(Illuminate\\Http\\Request))
#60 /home/k9n6iup22po9/public_html/VIPCLUBSCENE/index.php(52): Illuminate\\Foundation\\Http\\Kernel->handle(Object(Illuminate\\Http\\Request))
#61 {main}
"} 
[2023-05-09 07:38:44] production.ERROR: Failed to authenticate on SMTP server with username "support@vipclubscene.com" using 2 possible authenticators. Authenticator LOGIN returned Expected response code 235 but got code "535", with message "535 Incorrect authentication data
". Authenticator PLAIN returned Expected response code 235 but got code "535", with message "535 Incorrect authentication data
". {"exception":"[object] (Swift_TransportException(code: 0): Failed to authenticate on SMTP server with username \"support@vipclubscene.com\" using 2 possible authenticators. Authenticator LOGIN returned Expected response code 235 but got code \"535\", with message \"535 Incorrect authentication data
\". Authenticator PLAIN returned Expected response code 235 but got code \"535\", with message \"535 Incorrect authentication data
\". at /home/k9n6iup22po9/public_html/VIPCLUBSCENE/vendor/swiftmailer/swiftmailer/lib/classes/Swift/Transport/Esmtp/AuthHandler.php:191)
[stacktrace]
#0 /home/k9n6iup22po9/public_html/VIPCLUBSCENE/vendor/swiftmailer/swiftmailer/lib/classes/Swift/Transport/EsmtpTransport.php(371): Swift_Transport_Esmtp_AuthHandler->afterEhlo(Object(Swift_SmtpTransport))
#1 /home/k9n6iup22po9/public_html/VIPCLUBSCENE/vendor/swiftmailer/swiftmailer/lib/classes/Swift/Transport/AbstractSmtpTransport.php(148): Swift_Transport_EsmtpTransport->doHeloCommand()
#2 /home/k9n6iup22po9/public_html/VIPCLUBSCENE/vendor/swiftmailer/swiftmailer/lib/classes/Swift/Mailer.php(65): Swift_Transport_AbstractSmtpTransport->start()
#3 /home/k9n6iup22po9/public_html/VIPCLUBSCENE/vendor/laravel/framework/src/Illuminate/Mail/Mailer.php(488): Swift_Mailer->send(Object(Swift_Message), Array)
#4 /home/k9n6iup22po9/public_html/VIPCLUBSCENE/vendor/laravel/framework/src/Illuminate/Mail/Mailer.php(261): Illuminate\\Mail\\Mailer->sendSwiftMessage(Object(Swift_Message))
#5 /home/k9n6iup22po9/public_html/VIPCLUBSCENE/vendor/laravel/framework/src/Illuminate/Notifications/Channels/MailChannel.php(65): Illuminate\\Mail\\Mailer->send(Object(Illuminate\\Support\\HtmlString), Array, Object(Closure))
#6 /home/k9n6iup22po9/public_html/VIPCLUBSCENE/vendor/laravel/framework/src/Illuminate/Notifications/NotificationSender.php(148): Illuminate\\Notifications\\Channels\\MailChannel->send(Object(App\\User), Object(Illuminate\\Auth\\Notifications\\ResetPassword))
#7 /home/k9n6iup22po9/public_html/VIPCLUBSCENE/vendor/laravel/framework/src/Illuminate/Notifications/NotificationSender.php(106): Illuminate\\Notifications\\NotificationSender->sendToNotifiable(Object(App\\User), 'a72f87f4-621a-4...', Object(Illuminate\\Auth\\Notifications\\ResetPassword), 'mail')
#8 /home/k9n6iup22po9/public_html/VIPCLUBSCENE/vendor/laravel/framework/src/Illuminate/Support/Traits/Localizable.php(19): Illuminate\\Notifications\\NotificationSender->Illuminate\\Notifications\\{closure}()
#9 /home/k9n6iup22po9/public_html/VIPCLUBSCENE/vendor/laravel/framework/src/Illuminate/Notifications/NotificationSender.php(109): Illuminate\\Notifications\\NotificationSender->withLocale(NULL, Object(Closure))
#10 /home/k9n6iup22po9/public_html/VIPCLUBSCENE/vendor/laravel/framework/src/Illuminate/Notifications/NotificationSender.php(79): Illuminate\\Notifications\\NotificationSender->sendNow(Object(Illuminate\\Database\\Eloquent\\Collection), Object(Illuminate\\Auth\\Notifications\\ResetPassword))
#11 /home/k9n6iup22po9/public_html/VIPCLUBSCENE/vendor/laravel/framework/src/Illuminate/Notifications/ChannelManager.php(39): Illuminate\\Notifications\\NotificationSender->send(Object(Illuminate\\Database\\Eloquent\\Collection), Object(Illuminate\\Auth\\Notifications\\ResetPassword))
#12 /home/k9n6iup22po9/public_html/VIPCLUBSCENE/vendor/laravel/framework/src/Illuminate/Notifications/RoutesNotifications.php(18): Illuminate\\Notifications\\ChannelManager->send(Object(App\\User), Object(Illuminate\\Auth\\Notifications\\ResetPassword))
#13 /home/k9n6iup22po9/public_html/VIPCLUBSCENE/vendor/laravel/framework/src/Illuminate/Auth/Passwords/CanResetPassword.php(27): App\\User->notify(Object(Illuminate\\Auth\\Notifications\\ResetPassword))
#14 /home/k9n6iup22po9/public_html/VIPCLUBSCENE/vendor/laravel/framework/src/Illuminate/Auth/Passwords/PasswordBroker.php(67): Illuminate\\Foundation\\Auth\\User->sendPasswordResetNotification('c195809d5cc0a3b...')
#15 /home/k9n6iup22po9/public_html/VIPCLUBSCENE/vendor/laravel/framework/src/Illuminate/Foundation/Auth/SendsPasswordResetEmails.php(34): Illuminate\\Auth\\Passwords\\PasswordBroker->sendResetLink(Array)
#16 /home/k9n6iup22po9/public_html/VIPCLUBSCENE/vendor/laravel/framework/src/Illuminate/Routing/Controller.php(54): App\\Http\\Controllers\\Auth\\ForgotPasswordController->sendResetLinkEmail(Object(Illuminate\\Http\\Request))
#17 /home/k9n6iup22po9/public_html/VIPCLUBSCENE/vendor/laravel/framework/src/Illuminate/Routing/ControllerDispatcher.php(45): Illuminate\\Routing\\Controller->callAction('sendResetLinkEm...', Array)
#18 /home/k9n6iup22po9/public_html/VIPCLUBSCENE/vendor/laravel/framework/src/Illuminate/Routing/Route.php(219): Illuminate\\Routing\\ControllerDispatcher->dispatch(Object(Illuminate\\Routing\\Route), Object(App\\Http\\Controllers\\Auth\\ForgotPasswordController), 'sendResetLinkEm...')
#19 /home/k9n6iup22po9/public_html/VIPCLUBSCENE/vendor/laravel/framework/src/Illuminate/Routing/Route.php(176): Illuminate\\Routing\\Route->runController()
#20 /home/k9n6iup22po9/public_html/VIPCLUBSCENE/vendor/laravel/framework/src/Illuminate/Routing/Router.php(686): Illuminate\\Routing\\Route->run()
#21 /home/k9n6iup22po9/public_html/VIPCLUBSCENE/vendor/laravel/framework/src/Illuminate/Pipeline/Pipeline.php(130): Illuminate\\Routing\\Router->Illuminate\\Routing\\{closure}(Object(Illuminate\\Http\\Request))
#22 /home/k9n6iup22po9/public_html/VIPCLUBSCENE/app/Http/Middleware/RedirectIfAuthenticated.php(24): Illuminate\\Pipeline\\Pipeline->Illuminate\\Pipeline\\{closure}(Object(Illuminate\\Http\\Request))
#23 /home/k9n6iup22po9/public_html/VIPCLUBSCENE/vendor/laravel/framework/src/Illuminate/Pipeline/Pipeline.php(171): App\\Http\\Middleware\\RedirectIfAuthenticated->handle(Object(Illuminate\\Http\\Request), Object(Closure))
#24 /home/k9n6iup22po9/public_html/VIPCLUBSCENE/app/Http/Middleware/UserLastAuthMiddleware.php(59): Illuminate\\Pipeline\\Pipeline->Illuminate\\Pipeline\\{closure}(Object(Illuminate\\Http\\Request))
#25 /home/k9n6iup22po9/public_html/VIPCLUBSCENE/vendor/laravel/framework/src/Illuminate/Pipeline/Pipeline.php(171): App\\Http\\Middleware\\UserLastAuthMiddleware->handle(Object(Illuminate\\Http\\Request), Object(Closure))
#26 /home/k9n6iup22po9/public_html/VIPCLUBSCENE/vendor/uxweb/sweet-alert/src/SweetAlert/ConvertMessagesIntoSweetAlert.php(49): Illuminate\\Pipeline\\Pipeline->Illuminate\\Pipeline\\{closure}(Object(Illuminate\\Http\\Request))
#27 /home/k9n6iup22po9/public_html/VIPCLUBSCENE/vendor/laravel/framework/src/Illuminate/Pipeline/Pipeline.php(171): UxWeb\\SweetAlert\\ConvertMessagesIntoSweetAlert->handle(Object(Illuminate\\Http\\Request), Object(Closure))
#28 /home/k9n6iup22po9/public_html/VIPCLUBSCENE/vendor/laravel/framework/src/Illuminate/Routing/Middleware/SubstituteBindings.php(41): Illuminate\\Pipeline\\Pipeline->Illuminate\\Pipeline\\{closure}(Object(Illuminate\\Http\\Request))
#29 /home/k9n6iup22po9/public_html/VIPCLUBSCENE/vendor/laravel/framework/src/Illuminate/Pipeline/Pipeline.php(171): Illuminate\\Routing\\Middleware\\SubstituteBindings->handle(Object(Illuminate\\Http\\Request), Object(Closure))
#30 /home/k9n6iup22po9/public_html/VIPCLUBSCENE/vendor/laravel/framework/src/Illuminate/Foundation/Http/Middleware/VerifyCsrfToken.php(77): Illuminate\\Pipeline\\Pipeline->Illuminate\\Pipeline\\{closure}(Object(Illuminate\\Http\\Request))
#31 /home/k9n6iup22po9/public_html/VIPCLUBSCENE/vendor/laravel/framework/src/Illuminate/Pipeline/Pipeline.php(171): Illuminate\\Foundation\\Http\\Middleware\\VerifyCsrfToken->handle(Object(Illuminate\\Http\\Request), Object(Closure))
#32 /home/k9n6iup22po9/public_html/VIPCLUBSCENE/vendor/laravel/framework/src/Illuminate/View/Middleware/ShareErrorsFromSession.php(49): Illuminate\\Pipeline\\Pipeline->Illuminate\\Pipeline\\{closure}(Object(Illuminate\\Http\\Request))
#33 /home/k9n6iup22po9/public_html/VIPCLUBSCENE/vendor/laravel/framework/src/Illuminate/Pipeline/Pipeline.php(171): Illuminate\\View\\Middleware\\ShareErrorsFromSession->handle(Object(Illuminate\\Http\\Request), Object(Closure))
#34 /home/k9n6iup22po9/public_html/VIPCLUBSCENE/vendor/laravel/framework/src/Illuminate/Session/Middleware/StartSession.php(56): Illuminate\\Pipeline\\Pipeline->Illuminate\\Pipeline\\{closure}(Object(Illuminate\\Http\\Request))
#35 /home/k9n6iup22po9/public_html/VIPCLUBSCENE/vendor/laravel/framework/src/Illuminate/Pipeline/Pipeline.php(171): Illuminate\\Session\\Middleware\\StartSession->handle(Object(Illuminate\\Http\\Request), Object(Closure))
#36 /home/k9n6iup22po9/public_html/VIPCLUBSCENE/vendor/laravel/framework/src/Illuminate/Cookie/Middleware/AddQueuedCookiesToResponse.php(37): Illuminate\\Pipeline\\Pipeline->Illuminate\\Pipeline\\{closure}(Object(Illuminate\\Http\\Request))
#37 /home/k9n6iup22po9/public_html/VIPCLUBSCENE/vendor/laravel/framework/src/Illuminate/Pipeline/Pipeline.php(171): Illuminate\\Cookie\\Middleware\\AddQueuedCookiesToResponse->handle(Object(Illuminate\\Http\\Request), Object(Closure))
#38 /home/k9n6iup22po9/public_html/VIPCLUBSCENE/vendor/laravel/framework/src/Illuminate/Cookie/Middleware/EncryptCookies.php(67): Illuminate\\Pipeline\\Pipeline->Illuminate\\Pipeline\\{closure}(Object(Illuminate\\Http\\Request))
#39 /home/k9n6iup22po9/public_html/VIPCLUBSCENE/vendor/laravel/framework/src/Illuminate/Pipeline/Pipeline.php(171): Illuminate\\Cookie\\Middleware\\EncryptCookies->handle(Object(Illuminate\\Http\\Request), Object(Closure))
#40 /home/k9n6iup22po9/public_html/VIPCLUBSCENE/vendor/laravel/framework/src/Illuminate/Pipeline/Pipeline.php(105): Illuminate\\Pipeline\\Pipeline->Illuminate\\Pipeline\\{closure}(Object(Illuminate\\Http\\Request))
#41 /home/k9n6iup22po9/public_html/VIPCLUBSCENE/vendor/laravel/framework/src/Illuminate/Routing/Router.php(688): Illuminate\\Pipeline\\Pipeline->then(Object(Closure))
#42 /home/k9n6iup22po9/public_html/VIPCLUBSCENE/vendor/laravel/framework/src/Illuminate/Routing/Router.php(663): Illuminate\\Routing\\Router->runRouteWithinStack(Object(Illuminate\\Routing\\Route), Object(Illuminate\\Http\\Request))
#43 /home/k9n6iup22po9/public_html/VIPCLUBSCENE/vendor/laravel/framework/src/Illuminate/Routing/Router.php(629): Illuminate\\Routing\\Router->runRoute(Object(Illuminate\\Http\\Request), Object(Illuminate\\Routing\\Route))
#44 /home/k9n6iup22po9/public_html/VIPCLUBSCENE/vendor/laravel/framework/src/Illuminate/Routing/Router.php(618): Illuminate\\Routing\\Router->dispatchToRoute(Object(Illuminate\\Http\\Request))
#45 /home/k9n6iup22po9/public_html/VIPCLUBSCENE/vendor/laravel/framework/src/Illuminate/Foundation/Http/Kernel.php(172): Illuminate\\Routing\\Router->dispatch(Object(Illuminate\\Http\\Request))
#46 /home/k9n6iup22po9/public_html/VIPCLUBSCENE/vendor/laravel/framework/src/Illuminate/Pipeline/Pipeline.php(130): Illuminate\\Foundation\\Http\\Kernel->Illuminate\\Foundation\\Http\\{closure}(Object(Illuminate\\Http\\Request))
#47 /home/k9n6iup22po9/public_html/VIPCLUBSCENE/vendor/fideloper/proxy/src/TrustProxies.php(57): Illuminate\\Pipeline\\Pipeline->Illuminate\\Pipeline\\{closure}(Object(Illuminate\\Http\\Request))
#48 /home/k9n6iup22po9/public_html/VIPCLUBSCENE/vendor/laravel/framework/src/Illuminate/Pipeline/Pipeline.php(171): Fideloper\\Proxy\\TrustProxies->handle(Object(Illuminate\\Http\\Request), Object(Closure))
#49 /home/k9n6iup22po9/public_html/VIPCLUBSCENE/vendor/laravel/framework/src/Illuminate/Foundation/Http/Middleware/TransformsRequest.php(21): Illuminate\\Pipeline\\Pipeline->Illuminate\\Pipeline\\{closure}(Object(Illuminate\\Http\\Request))
#50 /home/k9n6iup22po9/public_html/VIPCLUBSCENE/vendor/laravel/framework/src/Illuminate/Pipeline/Pipeline.php(171): Illuminate\\Foundation\\Http\\Middleware\\TransformsRequest->handle(Object(Illuminate\\Http\\Request), Object(Closure))
#51 /home/k9n6iup22po9/public_html/VIPCLUBSCENE/vendor/laravel/framework/src/Illuminate/Foundation/Http/Middleware/TransformsRequest.php(21): Illuminate\\Pipeline\\Pipeline->Illuminate\\Pipeline\\{closure}(Object(Illuminate\\Http\\Request))
#52 /home/k9n6iup22po9/public_html/VIPCLUBSCENE/vendor/laravel/framework/src/Illuminate/Pipeline/Pipeline.php(171): Illuminate\\Foundation\\Http\\Middleware\\TransformsRequest->handle(Object(Illuminate\\Http\\Request), Object(Closure))
#53 /home/k9n6iup22po9/public_html/VIPCLUBSCENE/vendor/laravel/framework/src/Illuminate/Foundation/Http/Middleware/ValidatePostSize.php(27): Illuminate\\Pipeline\\Pipeline->Illuminate\\Pipeline\\{closure}(Object(Illuminate\\Http\\Request))
#54 /home/k9n6iup22po9/public_html/VIPCLUBSCENE/vendor/laravel/framework/src/Illuminate/Pipeline/Pipeline.php(171): Illuminate\\Foundation\\Http\\Middleware\\ValidatePostSize->handle(Object(Illuminate\\Http\\Request), Object(Closure))
#55 /home/k9n6iup22po9/public_html/VIPCLUBSCENE/vendor/laravel/framework/src/Illuminate/Foundation/Http/Middleware/CheckForMaintenanceMode.php(63): Illuminate\\Pipeline\\Pipeline->Illuminate\\Pipeline\\{closure}(Object(Illuminate\\Http\\Request))
#56 /home/k9n6iup22po9/public_html/VIPCLUBSCENE/vendor/laravel/framework/src/Illuminate/Pipeline/Pipeline.php(171): Illuminate\\Foundation\\Http\\Middleware\\CheckForMaintenanceMode->handle(Object(Illuminate\\Http\\Request), Object(Closure))
#57 /home/k9n6iup22po9/public_html/VIPCLUBSCENE/vendor/laravel/framework/src/Illuminate/Pipeline/Pipeline.php(105): Illuminate\\Pipeline\\Pipeline->Illuminate\\Pipeline\\{closure}(Object(Illuminate\\Http\\Request))
#58 /home/k9n6iup22po9/public_html/VIPCLUBSCENE/vendor/laravel/framework/src/Illuminate/Foundation/Http/Kernel.php(147): Illuminate\\Pipeline\\Pipeline->then(Object(Closure))
#59 /home/k9n6iup22po9/public_html/VIPCLUBSCENE/vendor/laravel/framework/src/Illuminate/Foundation/Http/Kernel.php(112): Illuminate\\Foundation\\Http\\Kernel->sendRequestThroughRouter(Object(Illuminate\\Http\\Request))
#60 /home/k9n6iup22po9/public_html/VIPCLUBSCENE/index.php(52): Illuminate\\Foundation\\Http\\Kernel->handle(Object(Illuminate\\Http\\Request))
#61 {main}
"} 
[2023-05-09 07:43:00] production.ERROR: Expected response code 220 but got code "421", with message "421 Too many concurrent SMTP connections from this IP address; please try again later.
" {"exception":"[object] (Swift_TransportException(code: 421): Expected response code 220 but got code \"421\", with message \"421 Too many concurrent SMTP connections from this IP address; please try again later.
\" at /home/k9n6iup22po9/public_html/VIPCLUBSCENE/vendor/swiftmailer/swiftmailer/lib/classes/Swift/Transport/AbstractSmtpTransport.php:457)
[stacktrace]
#0 /home/k9n6iup22po9/public_html/VIPCLUBSCENE/vendor/swiftmailer/swiftmailer/lib/classes/Swift/Transport/AbstractSmtpTransport.php(358): Swift_Transport_AbstractSmtpTransport->assertResponseCode('421 Too many co...', Array)
#1 /home/k9n6iup22po9/public_html/VIPCLUBSCENE/vendor/swiftmailer/swiftmailer/lib/classes/Swift/Transport/AbstractSmtpTransport.php(147): Swift_Transport_AbstractSmtpTransport->readGreeting()
#2 /home/k9n6iup22po9/public_html/VIPCLUBSCENE/vendor/swiftmailer/swiftmailer/lib/classes/Swift/Mailer.php(65): Swift_Transport_AbstractSmtpTransport->start()
#3 /home/k9n6iup22po9/public_html/VIPCLUBSCENE/vendor/laravel/framework/src/Illuminate/Mail/Mailer.php(488): Swift_Mailer->send(Object(Swift_Message), Array)
#4 /home/k9n6iup22po9/public_html/VIPCLUBSCENE/vendor/laravel/framework/src/Illuminate/Mail/Mailer.php(261): Illuminate\\Mail\\Mailer->sendSwiftMessage(Object(Swift_Message))
#5 /home/k9n6iup22po9/public_html/VIPCLUBSCENE/vendor/laravel/framework/src/Illuminate/Notifications/Channels/MailChannel.php(65): Illuminate\\Mail\\Mailer->send(Object(Illuminate\\Support\\HtmlString), Array, Object(Closure))
#6 /home/k9n6iup22po9/public_html/VIPCLUBSCENE/vendor/laravel/framework/src/Illuminate/Notifications/NotificationSender.php(148): Illuminate\\Notifications\\Channels\\MailChannel->send(Object(App\\User), Object(Illuminate\\Auth\\Notifications\\ResetPassword))
#7 /home/k9n6iup22po9/public_html/VIPCLUBSCENE/vendor/laravel/framework/src/Illuminate/Notifications/NotificationSender.php(106): Illuminate\\Notifications\\NotificationSender->sendToNotifiable(Object(App\\User), '668f0b8c-adc9-4...', Object(Illuminate\\Auth\\Notifications\\ResetPassword), 'mail')
#8 /home/k9n6iup22po9/public_html/VIPCLUBSCENE/vendor/laravel/framework/src/Illuminate/Support/Traits/Localizable.php(19): Illuminate\\Notifications\\NotificationSender->Illuminate\\Notifications\\{closure}()
#9 /home/k9n6iup22po9/public_html/VIPCLUBSCENE/vendor/laravel/framework/src/Illuminate/Notifications/NotificationSender.php(109): Illuminate\\Notifications\\NotificationSender->withLocale(NULL, Object(Closure))
#10 /home/k9n6iup22po9/public_html/VIPCLUBSCENE/vendor/laravel/framework/src/Illuminate/Notifications/NotificationSender.php(79): Illuminate\\Notifications\\NotificationSender->sendNow(Object(Illuminate\\Database\\Eloquent\\Collection), Object(Illuminate\\Auth\\Notifications\\ResetPassword))
#11 /home/k9n6iup22po9/public_html/VIPCLUBSCENE/vendor/laravel/framework/src/Illuminate/Notifications/ChannelManager.php(39): Illuminate\\Notifications\\NotificationSender->send(Object(Illuminate\\Database\\Eloquent\\Collection), Object(Illuminate\\Auth\\Notifications\\ResetPassword))
#12 /home/k9n6iup22po9/public_html/VIPCLUBSCENE/vendor/laravel/framework/src/Illuminate/Notifications/RoutesNotifications.php(18): Illuminate\\Notifications\\ChannelManager->send(Object(App\\User), Object(Illuminate\\Auth\\Notifications\\ResetPassword))
#13 /home/k9n6iup22po9/public_html/VIPCLUBSCENE/vendor/laravel/framework/src/Illuminate/Auth/Passwords/CanResetPassword.php(27): App\\User->notify(Object(Illuminate\\Auth\\Notifications\\ResetPassword))
#14 /home/k9n6iup22po9/public_html/VIPCLUBSCENE/vendor/laravel/framework/src/Illuminate/Auth/Passwords/PasswordBroker.php(67): Illuminate\\Foundation\\Auth\\User->sendPasswordResetNotification('6ca7a03cd02dfba...')
#15 /home/k9n6iup22po9/public_html/VIPCLUBSCENE/vendor/laravel/framework/src/Illuminate/Foundation/Auth/SendsPasswordResetEmails.php(34): Illuminate\\Auth\\Passwords\\PasswordBroker->sendResetLink(Array)
#16 /home/k9n6iup22po9/public_html/VIPCLUBSCENE/vendor/laravel/framework/src/Illuminate/Routing/Controller.php(54): App\\Http\\Controllers\\Auth\\ForgotPasswordController->sendResetLinkEmail(Object(Illuminate\\Http\\Request))
#17 /home/k9n6iup22po9/public_html/VIPCLUBSCENE/vendor/laravel/framework/src/Illuminate/Routing/ControllerDispatcher.php(45): Illuminate\\Routing\\Controller->callAction('sendResetLinkEm...', Array)
#18 /home/k9n6iup22po9/public_html/VIPCLUBSCENE/vendor/laravel/framework/src/Illuminate/Routing/Route.php(219): Illuminate\\Routing\\ControllerDispatcher->dispatch(Object(Illuminate\\Routing\\Route), Object(App\\Http\\Controllers\\Auth\\ForgotPasswordController), 'sendResetLinkEm...')
#19 /home/k9n6iup22po9/public_html/VIPCLUBSCENE/vendor/laravel/framework/src/Illuminate/Routing/Route.php(176): Illuminate\\Routing\\Route->runController()
#20 /home/k9n6iup22po9/public_html/VIPCLUBSCENE/vendor/laravel/framework/src/Illuminate/Routing/Router.php(686): Illuminate\\Routing\\Route->run()
#21 /home/k9n6iup22po9/public_html/VIPCLUBSCENE/vendor/laravel/framework/src/Illuminate/Pipeline/Pipeline.php(130): Illuminate\\Routing\\Router->Illuminate\\Routing\\{closure}(Object(Illuminate\\Http\\Request))
#22 /home/k9n6iup22po9/public_html/VIPCLUBSCENE/app/Http/Middleware/RedirectIfAuthenticated.php(24): Illuminate\\Pipeline\\Pipeline->Illuminate\\Pipeline\\{closure}(Object(Illuminate\\Http\\Request))
#23 /home/k9n6iup22po9/public_html/VIPCLUBSCENE/vendor/laravel/framework/src/Illuminate/Pipeline/Pipeline.php(171): App\\Http\\Middleware\\RedirectIfAuthenticated->handle(Object(Illuminate\\Http\\Request), Object(Closure))
#24 /home/k9n6iup22po9/public_html/VIPCLUBSCENE/app/Http/Middleware/UserLastAuthMiddleware.php(59): Illuminate\\Pipeline\\Pipeline->Illuminate\\Pipeline\\{closure}(Object(Illuminate\\Http\\Request))
#25 /home/k9n6iup22po9/public_html/VIPCLUBSCENE/vendor/laravel/framework/src/Illuminate/Pipeline/Pipeline.php(171): App\\Http\\Middleware\\UserLastAuthMiddleware->handle(Object(Illuminate\\Http\\Request), Object(Closure))
#26 /home/k9n6iup22po9/public_html/VIPCLUBSCENE/vendor/uxweb/sweet-alert/src/SweetAlert/ConvertMessagesIntoSweetAlert.php(49): Illuminate\\Pipeline\\Pipeline->Illuminate\\Pipeline\\{closure}(Object(Illuminate\\Http\\Request))
#27 /home/k9n6iup22po9/public_html/VIPCLUBSCENE/vendor/laravel/framework/src/Illuminate/Pipeline/Pipeline.php(171): UxWeb\\SweetAlert\\ConvertMessagesIntoSweetAlert->handle(Object(Illuminate\\Http\\Request), Object(Closure))
#28 /home/k9n6iup22po9/public_html/VIPCLUBSCENE/vendor/laravel/framework/src/Illuminate/Routing/Middleware/SubstituteBindings.php(41): Illuminate\\Pipeline\\Pipeline->Illuminate\\Pipeline\\{closure}(Object(Illuminate\\Http\\Request))
#29 /home/k9n6iup22po9/public_html/VIPCLUBSCENE/vendor/laravel/framework/src/Illuminate/Pipeline/Pipeline.php(171): Illuminate\\Routing\\Middleware\\SubstituteBindings->handle(Object(Illuminate\\Http\\Request), Object(Closure))
#30 /home/k9n6iup22po9/public_html/VIPCLUBSCENE/vendor/laravel/framework/src/Illuminate/Foundation/Http/Middleware/VerifyCsrfToken.php(77): Illuminate\\Pipeline\\Pipeline->Illuminate\\Pipeline\\{closure}(Object(Illuminate\\Http\\Request))
#31 /home/k9n6iup22po9/public_html/VIPCLUBSCENE/vendor/laravel/framework/src/Illuminate/Pipeline/Pipeline.php(171): Illuminate\\Foundation\\Http\\Middleware\\VerifyCsrfToken->handle(Object(Illuminate\\Http\\Request), Object(Closure))
#32 /home/k9n6iup22po9/public_html/VIPCLUBSCENE/vendor/laravel/framework/src/Illuminate/View/Middleware/ShareErrorsFromSession.php(49): Illuminate\\Pipeline\\Pipeline->Illuminate\\Pipeline\\{closure}(Object(Illuminate\\Http\\Request))
#33 /home/k9n6iup22po9/public_html/VIPCLUBSCENE/vendor/laravel/framework/src/Illuminate/Pipeline/Pipeline.php(171): Illuminate\\View\\Middleware\\ShareErrorsFromSession->handle(Object(Illuminate\\Http\\Request), Object(Closure))
#34 /home/k9n6iup22po9/public_html/VIPCLUBSCENE/vendor/laravel/framework/src/Illuminate/Session/Middleware/StartSession.php(56): Illuminate\\Pipeline\\Pipeline->Illuminate\\Pipeline\\{closure}(Object(Illuminate\\Http\\Request))
#35 /home/k9n6iup22po9/public_html/VIPCLUBSCENE/vendor/laravel/framework/src/Illuminate/Pipeline/Pipeline.php(171): Illuminate\\Session\\Middleware\\StartSession->handle(Object(Illuminate\\Http\\Request), Object(Closure))
#36 /home/k9n6iup22po9/public_html/VIPCLUBSCENE/vendor/laravel/framework/src/Illuminate/Cookie/Middleware/AddQueuedCookiesToResponse.php(37): Illuminate\\Pipeline\\Pipeline->Illuminate\\Pipeline\\{closure}(Object(Illuminate\\Http\\Request))
#37 /home/k9n6iup22po9/public_html/VIPCLUBSCENE/vendor/laravel/framework/src/Illuminate/Pipeline/Pipeline.php(171): Illuminate\\Cookie\\Middleware\\AddQueuedCookiesToResponse->handle(Object(Illuminate\\Http\\Request), Object(Closure))
#38 /home/k9n6iup22po9/public_html/VIPCLUBSCENE/vendor/laravel/framework/src/Illuminate/Cookie/Middleware/EncryptCookies.php(67): Illuminate\\Pipeline\\Pipeline->Illuminate\\Pipeline\\{closure}(Object(Illuminate\\Http\\Request))
#39 /home/k9n6iup22po9/public_html/VIPCLUBSCENE/vendor/laravel/framework/src/Illuminate/Pipeline/Pipeline.php(171): Illuminate\\Cookie\\Middleware\\EncryptCookies->handle(Object(Illuminate\\Http\\Request), Object(Closure))
#40 /home/k9n6iup22po9/public_html/VIPCLUBSCENE/vendor/laravel/framework/src/Illuminate/Pipeline/Pipeline.php(105): Illuminate\\Pipeline\\Pipeline->Illuminate\\Pipeline\\{closure}(Object(Illuminate\\Http\\Request))
#41 /home/k9n6iup22po9/public_html/VIPCLUBSCENE/vendor/laravel/framework/src/Illuminate/Routing/Router.php(688): Illuminate\\Pipeline\\Pipeline->then(Object(Closure))
#42 /home/k9n6iup22po9/public_html/VIPCLUBSCENE/vendor/laravel/framework/src/Illuminate/Routing/Router.php(663): Illuminate\\Routing\\Router->runRouteWithinStack(Object(Illuminate\\Routing\\Route), Object(Illuminate\\Http\\Request))
#43 /home/k9n6iup22po9/public_html/VIPCLUBSCENE/vendor/laravel/framework/src/Illuminate/Routing/Router.php(629): Illuminate\\Routing\\Router->runRoute(Object(Illuminate\\Http\\Request), Object(Illuminate\\Routing\\Route))
#44 /home/k9n6iup22po9/public_html/VIPCLUBSCENE/vendor/laravel/framework/src/Illuminate/Routing/Router.php(618): Illuminate\\Routing\\Router->dispatchToRoute(Object(Illuminate\\Http\\Request))
#45 /home/k9n6iup22po9/public_html/VIPCLUBSCENE/vendor/laravel/framework/src/Illuminate/Foundation/Http/Kernel.php(172): Illuminate\\Routing\\Router->dispatch(Object(Illuminate\\Http\\Request))
#46 /home/k9n6iup22po9/public_html/VIPCLUBSCENE/vendor/laravel/framework/src/Illuminate/Pipeline/Pipeline.php(130): Illuminate\\Foundation\\Http\\Kernel->Illuminate\\Foundation\\Http\\{closure}(Object(Illuminate\\Http\\Request))
#47 /home/k9n6iup22po9/public_html/VIPCLUBSCENE/vendor/fideloper/proxy/src/TrustProxies.php(57): Illuminate\\Pipeline\\Pipeline->Illuminate\\Pipeline\\{closure}(Object(Illuminate\\Http\\Request))
#48 /home/k9n6iup22po9/public_html/VIPCLUBSCENE/vendor/laravel/framework/src/Illuminate/Pipeline/Pipeline.php(171): Fideloper\\Proxy\\TrustProxies->handle(Object(Illuminate\\Http\\Request), Object(Closure))
#49 /home/k9n6iup22po9/public_html/VIPCLUBSCENE/vendor/laravel/framework/src/Illuminate/Foundation/Http/Middleware/TransformsRequest.php(21): Illuminate\\Pipeline\\Pipeline->Illuminate\\Pipeline\\{closure}(Object(Illuminate\\Http\\Request))
#50 /home/k9n6iup22po9/public_html/VIPCLUBSCENE/vendor/laravel/framework/src/Illuminate/Pipeline/Pipeline.php(171): Illuminate\\Foundation\\Http\\Middleware\\TransformsRequest->handle(Object(Illuminate\\Http\\Request), Object(Closure))
#51 /home/k9n6iup22po9/public_html/VIPCLUBSCENE/vendor/laravel/framework/src/Illuminate/Foundation/Http/Middleware/TransformsRequest.php(21): Illuminate\\Pipeline\\Pipeline->Illuminate\\Pipeline\\{closure}(Object(Illuminate\\Http\\Request))
#52 /home/k9n6iup22po9/public_html/VIPCLUBSCENE/vendor/laravel/framework/src/Illuminate/Pipeline/Pipeline.php(171): Illuminate\\Foundation\\Http\\Middleware\\TransformsRequest->handle(Object(Illuminate\\Http\\Request), Object(Closure))
#53 /home/k9n6iup22po9/public_html/VIPCLUBSCENE/vendor/laravel/framework/src/Illuminate/Foundation/Http/Middleware/ValidatePostSize.php(27): Illuminate\\Pipeline\\Pipeline->Illuminate\\Pipeline\\{closure}(Object(Illuminate\\Http\\Request))
#54 /home/k9n6iup22po9/public_html/VIPCLUBSCENE/vendor/laravel/framework/src/Illuminate/Pipeline/Pipeline.php(171): Illuminate\\Foundation\\Http\\Middleware\\ValidatePostSize->handle(Object(Illuminate\\Http\\Request), Object(Closure))
#55 /home/k9n6iup22po9/public_html/VIPCLUBSCENE/vendor/laravel/framework/src/Illuminate/Foundation/Http/Middleware/CheckForMaintenanceMode.php(63): Illuminate\\Pipeline\\Pipeline->Illuminate\\Pipeline\\{closure}(Object(Illuminate\\Http\\Request))
#56 /home/k9n6iup22po9/public_html/VIPCLUBSCENE/vendor/laravel/framework/src/Illuminate/Pipeline/Pipeline.php(171): Illuminate\\Foundation\\Http\\Middleware\\CheckForMaintenanceMode->handle(Object(Illuminate\\Http\\Request), Object(Closure))
#57 /home/k9n6iup22po9/public_html/VIPCLUBSCENE/vendor/laravel/framework/src/Illuminate/Pipeline/Pipeline.php(105): Illuminate\\Pipeline\\Pipeline->Illuminate\\Pipeline\\{closure}(Object(Illuminate\\Http\\Request))
#58 /home/k9n6iup22po9/public_html/VIPCLUBSCENE/vendor/laravel/framework/src/Illuminate/Foundation/Http/Kernel.php(147): Illuminate\\Pipeline\\Pipeline->then(Object(Closure))
#59 /home/k9n6iup22po9/public_html/VIPCLUBSCENE/vendor/laravel/framework/src/Illuminate/Foundation/Http/Kernel.php(112): Illuminate\\Foundation\\Http\\Kernel->sendRequestThroughRouter(Object(Illuminate\\Http\\Request))
#60 /home/k9n6iup22po9/public_html/VIPCLUBSCENE/index.php(52): Illuminate\\Foundation\\Http\\Kernel->handle(Object(Illuminate\\Http\\Request))
#61 {main}
"} 
[2023-05-09 07:43:07] production.ERROR: Failed to authenticate on SMTP server with username "support@vipclubscene.com" using 2 possible authenticators. Authenticator LOGIN returned Expected response code 235 but got code "535", with message "535 Incorrect authentication data
". Authenticator PLAIN returned Expected response code 235 but got code "535", with message "535 Incorrect authentication data
". {"exception":"[object] (Swift_TransportException(code: 0): Failed to authenticate on SMTP server with username \"support@vipclubscene.com\" using 2 possible authenticators. Authenticator LOGIN returned Expected response code 235 but got code \"535\", with message \"535 Incorrect authentication data
\". Authenticator PLAIN returned Expected response code 235 but got code \"535\", with message \"535 Incorrect authentication data
\". at /home/k9n6iup22po9/public_html/VIPCLUBSCENE/vendor/swiftmailer/swiftmailer/lib/classes/Swift/Transport/Esmtp/AuthHandler.php:191)
[stacktrace]
#0 /home/k9n6iup22po9/public_html/VIPCLUBSCENE/vendor/swiftmailer/swiftmailer/lib/classes/Swift/Transport/EsmtpTransport.php(371): Swift_Transport_Esmtp_AuthHandler->afterEhlo(Object(Swift_SmtpTransport))
#1 /home/k9n6iup22po9/public_html/VIPCLUBSCENE/vendor/swiftmailer/swiftmailer/lib/classes/Swift/Transport/AbstractSmtpTransport.php(148): Swift_Transport_EsmtpTransport->doHeloCommand()
#2 /home/k9n6iup22po9/public_html/VIPCLUBSCENE/vendor/swiftmailer/swiftmailer/lib/classes/Swift/Mailer.php(65): Swift_Transport_AbstractSmtpTransport->start()
#3 /home/k9n6iup22po9/public_html/VIPCLUBSCENE/vendor/laravel/framework/src/Illuminate/Mail/Mailer.php(488): Swift_Mailer->send(Object(Swift_Message), Array)
#4 /home/k9n6iup22po9/public_html/VIPCLUBSCENE/vendor/laravel/framework/src/Illuminate/Mail/Mailer.php(261): Illuminate\\Mail\\Mailer->sendSwiftMessage(Object(Swift_Message))
#5 /home/k9n6iup22po9/public_html/VIPCLUBSCENE/vendor/laravel/framework/src/Illuminate/Notifications/Channels/MailChannel.php(65): Illuminate\\Mail\\Mailer->send(Object(Illuminate\\Support\\HtmlString), Array, Object(Closure))
#6 /home/k9n6iup22po9/public_html/VIPCLUBSCENE/vendor/laravel/framework/src/Illuminate/Notifications/NotificationSender.php(148): Illuminate\\Notifications\\Channels\\MailChannel->send(Object(App\\User), Object(Illuminate\\Auth\\Notifications\\ResetPassword))
#7 /home/k9n6iup22po9/public_html/VIPCLUBSCENE/vendor/laravel/framework/src/Illuminate/Notifications/NotificationSender.php(106): Illuminate\\Notifications\\NotificationSender->sendToNotifiable(Object(App\\User), '3051ac91-0365-4...', Object(Illuminate\\Auth\\Notifications\\ResetPassword), 'mail')
#8 /home/k9n6iup22po9/public_html/VIPCLUBSCENE/vendor/laravel/framework/src/Illuminate/Support/Traits/Localizable.php(19): Illuminate\\Notifications\\NotificationSender->Illuminate\\Notifications\\{closure}()
#9 /home/k9n6iup22po9/public_html/VIPCLUBSCENE/vendor/laravel/framework/src/Illuminate/Notifications/NotificationSender.php(109): Illuminate\\Notifications\\NotificationSender->withLocale(NULL, Object(Closure))
#10 /home/k9n6iup22po9/public_html/VIPCLUBSCENE/vendor/laravel/framework/src/Illuminate/Notifications/NotificationSender.php(79): Illuminate\\Notifications\\NotificationSender->sendNow(Object(Illuminate\\Database\\Eloquent\\Collection), Object(Illuminate\\Auth\\Notifications\\ResetPassword))
#11 /home/k9n6iup22po9/public_html/VIPCLUBSCENE/vendor/laravel/framework/src/Illuminate/Notifications/ChannelManager.php(39): Illuminate\\Notifications\\NotificationSender->send(Object(Illuminate\\Database\\Eloquent\\Collection), Object(Illuminate\\Auth\\Notifications\\ResetPassword))
#12 /home/k9n6iup22po9/public_html/VIPCLUBSCENE/vendor/laravel/framework/src/Illuminate/Notifications/RoutesNotifications.php(18): Illuminate\\Notifications\\ChannelManager->send(Object(App\\User), Object(Illuminate\\Auth\\Notifications\\ResetPassword))
#13 /home/k9n6iup22po9/public_html/VIPCLUBSCENE/vendor/laravel/framework/src/Illuminate/Auth/Passwords/CanResetPassword.php(27): App\\User->notify(Object(Illuminate\\Auth\\Notifications\\ResetPassword))
#14 /home/k9n6iup22po9/public_html/VIPCLUBSCENE/vendor/laravel/framework/src/Illuminate/Auth/Passwords/PasswordBroker.php(67): Illuminate\\Foundation\\Auth\\User->sendPasswordResetNotification('b6d2989e04bbacb...')
#15 /home/k9n6iup22po9/public_html/VIPCLUBSCENE/vendor/laravel/framework/src/Illuminate/Foundation/Auth/SendsPasswordResetEmails.php(34): Illuminate\\Auth\\Passwords\\PasswordBroker->sendResetLink(Array)
#16 /home/k9n6iup22po9/public_html/VIPCLUBSCENE/vendor/laravel/framework/src/Illuminate/Routing/Controller.php(54): App\\Http\\Controllers\\Auth\\ForgotPasswordController->sendResetLinkEmail(Object(Illuminate\\Http\\Request))
#17 /home/k9n6iup22po9/public_html/VIPCLUBSCENE/vendor/laravel/framework/src/Illuminate/Routing/ControllerDispatcher.php(45): Illuminate\\Routing\\Controller->callAction('sendResetLinkEm...', Array)
#18 /home/k9n6iup22po9/public_html/VIPCLUBSCENE/vendor/laravel/framework/src/Illuminate/Routing/Route.php(219): Illuminate\\Routing\\ControllerDispatcher->dispatch(Object(Illuminate\\Routing\\Route), Object(App\\Http\\Controllers\\Auth\\ForgotPasswordController), 'sendResetLinkEm...')
#19 /home/k9n6iup22po9/public_html/VIPCLUBSCENE/vendor/laravel/framework/src/Illuminate/Routing/Route.php(176): Illuminate\\Routing\\Route->runController()
#20 /home/k9n6iup22po9/public_html/VIPCLUBSCENE/vendor/laravel/framework/src/Illuminate/Routing/Router.php(686): Illuminate\\Routing\\Route->run()
#21 /home/k9n6iup22po9/public_html/VIPCLUBSCENE/vendor/laravel/framework/src/Illuminate/Pipeline/Pipeline.php(130): Illuminate\\Routing\\Router->Illuminate\\Routing\\{closure}(Object(Illuminate\\Http\\Request))
#22 /home/k9n6iup22po9/public_html/VIPCLUBSCENE/app/Http/Middleware/RedirectIfAuthenticated.php(24): Illuminate\\Pipeline\\Pipeline->Illuminate\\Pipeline\\{closure}(Object(Illuminate\\Http\\Request))
#23 /home/k9n6iup22po9/public_html/VIPCLUBSCENE/vendor/laravel/framework/src/Illuminate/Pipeline/Pipeline.php(171): App\\Http\\Middleware\\RedirectIfAuthenticated->handle(Object(Illuminate\\Http\\Request), Object(Closure))
#24 /home/k9n6iup22po9/public_html/VIPCLUBSCENE/app/Http/Middleware/UserLastAuthMiddleware.php(59): Illuminate\\Pipeline\\Pipeline->Illuminate\\Pipeline\\{closure}(Object(Illuminate\\Http\\Request))
#25 /home/k9n6iup22po9/public_html/VIPCLUBSCENE/vendor/laravel/framework/src/Illuminate/Pipeline/Pipeline.php(171): App\\Http\\Middleware\\UserLastAuthMiddleware->handle(Object(Illuminate\\Http\\Request), Object(Closure))
#26 /home/k9n6iup22po9/public_html/VIPCLUBSCENE/vendor/uxweb/sweet-alert/src/SweetAlert/ConvertMessagesIntoSweetAlert.php(49): Illuminate\\Pipeline\\Pipeline->Illuminate\\Pipeline\\{closure}(Object(Illuminate\\Http\\Request))
#27 /home/k9n6iup22po9/public_html/VIPCLUBSCENE/vendor/laravel/framework/src/Illuminate/Pipeline/Pipeline.php(171): UxWeb\\SweetAlert\\ConvertMessagesIntoSweetAlert->handle(Object(Illuminate\\Http\\Request), Object(Closure))
#28 /home/k9n6iup22po9/public_html/VIPCLUBSCENE/vendor/laravel/framework/src/Illuminate/Routing/Middleware/SubstituteBindings.php(41): Illuminate\\Pipeline\\Pipeline->Illuminate\\Pipeline\\{closure}(Object(Illuminate\\Http\\Request))
#29 /home/k9n6iup22po9/public_html/VIPCLUBSCENE/vendor/laravel/framework/src/Illuminate/Pipeline/Pipeline.php(171): Illuminate\\Routing\\Middleware\\SubstituteBindings->handle(Object(Illuminate\\Http\\Request), Object(Closure))
#30 /home/k9n6iup22po9/public_html/VIPCLUBSCENE/vendor/laravel/framework/src/Illuminate/Foundation/Http/Middleware/VerifyCsrfToken.php(77): Illuminate\\Pipeline\\Pipeline->Illuminate\\Pipeline\\{closure}(Object(Illuminate\\Http\\Request))
#31 /home/k9n6iup22po9/public_html/VIPCLUBSCENE/vendor/laravel/framework/src/Illuminate/Pipeline/Pipeline.php(171): Illuminate\\Foundation\\Http\\Middleware\\VerifyCsrfToken->handle(Object(Illuminate\\Http\\Request), Object(Closure))
#32 /home/k9n6iup22po9/public_html/VIPCLUBSCENE/vendor/laravel/framework/src/Illuminate/View/Middleware/ShareErrorsFromSession.php(49): Illuminate\\Pipeline\\Pipeline->Illuminate\\Pipeline\\{closure}(Object(Illuminate\\Http\\Request))
#33 /home/k9n6iup22po9/public_html/VIPCLUBSCENE/vendor/laravel/framework/src/Illuminate/Pipeline/Pipeline.php(171): Illuminate\\View\\Middleware\\ShareErrorsFromSession->handle(Object(Illuminate\\Http\\Request), Object(Closure))
#34 /home/k9n6iup22po9/public_html/VIPCLUBSCENE/vendor/laravel/framework/src/Illuminate/Session/Middleware/StartSession.php(56): Illuminate\\Pipeline\\Pipeline->Illuminate\\Pipeline\\{closure}(Object(Illuminate\\Http\\Request))
#35 /home/k9n6iup22po9/public_html/VIPCLUBSCENE/vendor/laravel/framework/src/Illuminate/Pipeline/Pipeline.php(171): Illuminate\\Session\\Middleware\\StartSession->handle(Object(Illuminate\\Http\\Request), Object(Closure))
#36 /home/k9n6iup22po9/public_html/VIPCLUBSCENE/vendor/laravel/framework/src/Illuminate/Cookie/Middleware/AddQueuedCookiesToResponse.php(37): Illuminate\\Pipeline\\Pipeline->Illuminate\\Pipeline\\{closure}(Object(Illuminate\\Http\\Request))
#37 /home/k9n6iup22po9/public_html/VIPCLUBSCENE/vendor/laravel/framework/src/Illuminate/Pipeline/Pipeline.php(171): Illuminate\\Cookie\\Middleware\\AddQueuedCookiesToResponse->handle(Object(Illuminate\\Http\\Request), Object(Closure))
#38 /home/k9n6iup22po9/public_html/VIPCLUBSCENE/vendor/laravel/framework/src/Illuminate/Cookie/Middleware/EncryptCookies.php(67): Illuminate\\Pipeline\\Pipeline->Illuminate\\Pipeline\\{closure}(Object(Illuminate\\Http\\Request))
#39 /home/k9n6iup22po9/public_html/VIPCLUBSCENE/vendor/laravel/framework/src/Illuminate/Pipeline/Pipeline.php(171): Illuminate\\Cookie\\Middleware\\EncryptCookies->handle(Object(Illuminate\\Http\\Request), Object(Closure))
#40 /home/k9n6iup22po9/public_html/VIPCLUBSCENE/vendor/laravel/framework/src/Illuminate/Pipeline/Pipeline.php(105): Illuminate\\Pipeline\\Pipeline->Illuminate\\Pipeline\\{closure}(Object(Illuminate\\Http\\Request))
#41 /home/k9n6iup22po9/public_html/VIPCLUBSCENE/vendor/laravel/framework/src/Illuminate/Routing/Router.php(688): Illuminate\\Pipeline\\Pipeline->then(Object(Closure))
#42 /home/k9n6iup22po9/public_html/VIPCLUBSCENE/vendor/laravel/framework/src/Illuminate/Routing/Router.php(663): Illuminate\\Routing\\Router->runRouteWithinStack(Object(Illuminate\\Routing\\Route), Object(Illuminate\\Http\\Request))
#43 /home/k9n6iup22po9/public_html/VIPCLUBSCENE/vendor/laravel/framework/src/Illuminate/Routing/Router.php(629): Illuminate\\Routing\\Router->runRoute(Object(Illuminate\\Http\\Request), Object(Illuminate\\Routing\\Route))
#44 /home/k9n6iup22po9/public_html/VIPCLUBSCENE/vendor/laravel/framework/src/Illuminate/Routing/Router.php(618): Illuminate\\Routing\\Router->dispatchToRoute(Object(Illuminate\\Http\\Request))
#45 /home/k9n6iup22po9/public_html/VIPCLUBSCENE/vendor/laravel/framework/src/Illuminate/Foundation/Http/Kernel.php(172): Illuminate\\Routing\\Router->dispatch(Object(Illuminate\\Http\\Request))
#46 /home/k9n6iup22po9/public_html/VIPCLUBSCENE/vendor/laravel/framework/src/Illuminate/Pipeline/Pipeline.php(130): Illuminate\\Foundation\\Http\\Kernel->Illuminate\\Foundation\\Http\\{closure}(Object(Illuminate\\Http\\Request))
#47 /home/k9n6iup22po9/public_html/VIPCLUBSCENE/vendor/fideloper/proxy/src/TrustProxies.php(57): Illuminate\\Pipeline\\Pipeline->Illuminate\\Pipeline\\{closure}(Object(Illuminate\\Http\\Request))
#48 /home/k9n6iup22po9/public_html/VIPCLUBSCENE/vendor/laravel/framework/src/Illuminate/Pipeline/Pipeline.php(171): Fideloper\\Proxy\\TrustProxies->handle(Object(Illuminate\\Http\\Request), Object(Closure))
#49 /home/k9n6iup22po9/public_html/VIPCLUBSCENE/vendor/laravel/framework/src/Illuminate/Foundation/Http/Middleware/TransformsRequest.php(21): Illuminate\\Pipeline\\Pipeline->Illuminate\\Pipeline\\{closure}(Object(Illuminate\\Http\\Request))
#50 /home/k9n6iup22po9/public_html/VIPCLUBSCENE/vendor/laravel/framework/src/Illuminate/Pipeline/Pipeline.php(171): Illuminate\\Foundation\\Http\\Middleware\\TransformsRequest->handle(Object(Illuminate\\Http\\Request), Object(Closure))
#51 /home/k9n6iup22po9/public_html/VIPCLUBSCENE/vendor/laravel/framework/src/Illuminate/Foundation/Http/Middleware/TransformsRequest.php(21): Illuminate\\Pipeline\\Pipeline->Illuminate\\Pipeline\\{closure}(Object(Illuminate\\Http\\Request))
#52 /home/k9n6iup22po9/public_html/VIPCLUBSCENE/vendor/laravel/framework/src/Illuminate/Pipeline/Pipeline.php(171): Illuminate\\Foundation\\Http\\Middleware\\TransformsRequest->handle(Object(Illuminate\\Http\\Request), Object(Closure))
#53 /home/k9n6iup22po9/public_html/VIPCLUBSCENE/vendor/laravel/framework/src/Illuminate/Foundation/Http/Middleware/ValidatePostSize.php(27): Illuminate\\Pipeline\\Pipeline->Illuminate\\Pipeline\\{closure}(Object(Illuminate\\Http\\Request))
#54 /home/k9n6iup22po9/public_html/VIPCLUBSCENE/vendor/laravel/framework/src/Illuminate/Pipeline/Pipeline.php(171): Illuminate\\Foundation\\Http\\Middleware\\ValidatePostSize->handle(Object(Illuminate\\Http\\Request), Object(Closure))
#55 /home/k9n6iup22po9/public_html/VIPCLUBSCENE/vendor/laravel/framework/src/Illuminate/Foundation/Http/Middleware/CheckForMaintenanceMode.php(63): Illuminate\\Pipeline\\Pipeline->Illuminate\\Pipeline\\{closure}(Object(Illuminate\\Http\\Request))
#56 /home/k9n6iup22po9/public_html/VIPCLUBSCENE/vendor/laravel/framework/src/Illuminate/Pipeline/Pipeline.php(171): Illuminate\\Foundation\\Http\\Middleware\\CheckForMaintenanceMode->handle(Object(Illuminate\\Http\\Request), Object(Closure))
#57 /home/k9n6iup22po9/public_html/VIPCLUBSCENE/vendor/laravel/framework/src/Illuminate/Pipeline/Pipeline.php(105): Illuminate\\Pipeline\\Pipeline->Illuminate\\Pipeline\\{closure}(Object(Illuminate\\Http\\Request))
#58 /home/k9n6iup22po9/public_html/VIPCLUBSCENE/vendor/laravel/framework/src/Illuminate/Foundation/Http/Kernel.php(147): Illuminate\\Pipeline\\Pipeline->then(Object(Closure))
#59 /home/k9n6iup22po9/public_html/VIPCLUBSCENE/vendor/laravel/framework/src/Illuminate/Foundation/Http/Kernel.php(112): Illuminate\\Foundation\\Http\\Kernel->sendRequestThroughRouter(Object(Illuminate\\Http\\Request))
#60 /home/k9n6iup22po9/public_html/VIPCLUBSCENE/index.php(52): Illuminate\\Foundation\\Http\\Kernel->handle(Object(Illuminate\\Http\\Request))
#61 {main}
"} 
